ARM Linker, RVCT3.1 [Build 919] for uVision [Standard]

================================================================================

Section Cross References

    91x_it.o(i.USBHP_IRQHandler) refers to usb_int.o(i.CTR_HP) for CTR_HP
    91x_it.o(i.USBLP_IRQHandler) refers to usb_istr.o(i.USB_Istr) for USB_Istr
    91x_it.o(i.UART0_IRQHandler) refers to 91x_uart.o(i.UART_GetITStatus) for UART_GetITStatus
    91x_it.o(i.UART0_IRQHandler) refers to hw_config.o(i.UART_To_USB_Send_Data) for UART_To_USB_Send_Data
    91x_it.o(i.UART0_IRQHandler) refers to 91x_uart.o(i.UART_ClearITPendingBit) for UART_ClearITPendingBit
    hw_config.o(i.Set_System) refers to 91x_scu.o(i.SCU_MCLKSourceConfig) for SCU_MCLKSourceConfig
    hw_config.o(i.Set_System) refers to 91x_fmi.o(i.FMI_Config) for FMI_Config
    hw_config.o(i.Set_System) refers to 91x_scu.o(i.SCU_PLLFactorsConfig) for SCU_PLLFactorsConfig
    hw_config.o(i.Set_System) refers to 91x_scu.o(i.SCU_PLLCmd) for SCU_PLLCmd
    hw_config.o(i.Set_System) refers to 91x_scu.o(i.SCU_AHBPeriphClockConfig) for SCU_AHBPeriphClockConfig
    hw_config.o(i.Set_System) refers to 91x_scu.o(i.SCU_AHBPeriphReset) for SCU_AHBPeriphReset
    hw_config.o(i.Set_System) refers to 91x_scu.o(i.SCU_USBCLKConfig) for SCU_USBCLKConfig
    hw_config.o(i.Set_System) refers to 91x_vic.o(i.VIC_DeInit) for VIC_DeInit
    hw_config.o(i.Set_System) refers to 91x_vic.o(i.VIC_InitDefaultVectors) for VIC_InitDefaultVectors
    hw_config.o(i.USB_Cable_Config) refers to 91x_gpio.o(i.GPIO_WriteBit) for GPIO_WriteBit
    hw_config.o(i.Enter_LowPowerMode) refers to usb_pwr.o(.data) for bDeviceState
    hw_config.o(i.Leave_LowPowerMode) refers to usb_init.o(.bss) for Device_Info
    hw_config.o(i.Leave_LowPowerMode) refers to usb_pwr.o(.data) for bDeviceState
    hw_config.o(i.USB_Interrupts_Config) refers to 91x_vic.o(i.VIC_Config) for VIC_Config
    hw_config.o(i.USB_Interrupts_Config) refers to 91x_vic.o(i.VIC_ITCmd) for VIC_ITCmd
    hw_config.o(i.UART0_Config_Default) refers to 91x_uart.o(i.UART_DeInit) for UART_DeInit
    hw_config.o(i.UART0_Config_Default) refers to 91x_uart.o(i.UART_Init) for UART_Init
    hw_config.o(i.UART0_Config_Default) refers to 91x_uart.o(i.UART_ITConfig) for UART_ITConfig
    hw_config.o(i.UART0_Config_Default) refers to 91x_uart.o(i.UART_Cmd) for UART_Cmd
    hw_config.o(i.UART0_Config_Default) refers to hw_config.o(.bss) for UART_InitStructure
    hw_config.o(i.UART0_Config) refers to hw_config.o(i.UART0_Config_Default) for UART0_Config_Default
    hw_config.o(i.UART0_Config) refers to 91x_uart.o(i.UART_Init) for UART_Init
    hw_config.o(i.UART0_Config) refers to 91x_uart.o(i.UART_Cmd) for UART_Cmd
    hw_config.o(i.UART0_Config) refers to usb_prop.o(.data) for linecoding
    hw_config.o(i.UART0_Config) refers to hw_config.o(.bss) for UART_InitStructure
    hw_config.o(i.USB_To_UART_Send_Data) refers to 91x_uart.o(i.UART_SendData) for UART_SendData
    hw_config.o(i.UART_To_USB_Send_Data) refers to 91x_uart.o(i.UART_ReceiveData) for UART_ReceiveData
    hw_config.o(i.UART_To_USB_Send_Data) refers to usb_mem.o(i.UserToPMABufferCopy) for UserToPMABufferCopy
    hw_config.o(i.UART_To_USB_Send_Data) refers to usb_regs.o(i.SetEPTxCount) for SetEPTxCount
    hw_config.o(i.UART_To_USB_Send_Data) refers to usb_regs.o(i.SetEPTxValid) for SetEPTxValid
    hw_config.o(i.UART_To_USB_Send_Data) refers to usb_endp.o(.bss) for buffer_in
    hw_config.o(i.UART_To_USB_Send_Data) refers to usb_endp.o(.data) for count_in
    main.o(i.main) refers to hw_config.o(i.Set_System) for Set_System
    main.o(i.main) refers to hw_config.o(i.USB_Interrupts_Config) for USB_Interrupts_Config
    main.o(i.main) refers to usb_init.o(i.USB_Init) for USB_Init
    usb_endp.o(i.EP3_OUT_Callback) refers to usb_regs.o(i.GetEPRxCount) for GetEPRxCount
    usb_endp.o(i.EP3_OUT_Callback) refers to usb_mem.o(i.PMAToUserBufferCopy) for PMAToUserBufferCopy
    usb_endp.o(i.EP3_OUT_Callback) refers to usb_regs.o(i.SetEPRxValid) for SetEPRxValid
    usb_endp.o(i.EP3_OUT_Callback) refers to usb_user.o(i.receivedDataHandler) for receivedDataHandler
    usb_endp.o(i.EP3_OUT_Callback) refers to usb_endp.o(.data) for count_out
    usb_endp.o(i.EP3_OUT_Callback) refers to usb_endp.o(.bss) for buffer_out
    usb_endp.o(i.EP1_IN_Callback) refers to usb_endp.o(.data) for count_in
    usb_istr.o(i.USB_Istr) refers to usb_regs.o(i.GetISTR) for GetISTR
    usb_istr.o(i.USB_Istr) refers to uread4.o(.text) for __aeabi_uread4
    usb_istr.o(i.USB_Istr) refers to usb_pwr.o(i.Resume) for Resume
    usb_istr.o(i.USB_Istr) refers to usb_pwr.o(i.Suspend) for Suspend
    usb_istr.o(i.USB_Istr) refers to usb_int.o(i.CTR_LP) for CTR_LP
    usb_istr.o(i.USB_Istr) refers to usb_istr.o(.data) for valTest
    usb_istr.o(i.USB_Istr) refers to usb_init.o(.data) for wInterrupt_Mask
    usb_istr.o(i.USB_Istr) refers to usb_prop.o(.data) for Device_Property
    usb_istr.o(i.USB_Istr) refers to usb_pwr.o(.data) for fSuspendEnabled
    usb_istr.o(.data) refers to usb_endp.o(i.EP1_IN_Callback) for EP1_IN_Callback
    usb_istr.o(.data) refers to usb_core.o(i.NOP_Process) for NOP_Process
    usb_istr.o(.data) refers to usb_endp.o(i.EP3_OUT_Callback) for EP3_OUT_Callback
    usb_prop.o(i.Virtual_Com_Port_init) refers to usb_pwr.o(i.PowerOn) for PowerOn
    usb_prop.o(i.Virtual_Com_Port_init) refers to hw_config.o(i.UART0_Config_Default) for UART0_Config_Default
    usb_prop.o(i.Virtual_Com_Port_init) refers to usb_init.o(.data) for pInformation
    usb_prop.o(i.Virtual_Com_Port_init) refers to usb_pwr.o(.data) for bDeviceState
    usb_prop.o(i.Virtual_Com_Port_Reset) refers to usb_regs.o(i.SetBTABLE) for SetBTABLE
    usb_prop.o(i.Virtual_Com_Port_Reset) refers to usb_regs.o(i.SetEPType) for SetEPType
    usb_prop.o(i.Virtual_Com_Port_Reset) refers to usb_regs.o(i.SetEPTxStatus) for SetEPTxStatus
    usb_prop.o(i.Virtual_Com_Port_Reset) refers to usb_regs.o(i.SetEPRxAddr) for SetEPRxAddr
    usb_prop.o(i.Virtual_Com_Port_Reset) refers to usb_regs.o(i.SetEPTxAddr) for SetEPTxAddr
    usb_prop.o(i.Virtual_Com_Port_Reset) refers to usb_regs.o(i.Clear_Status_Out) for Clear_Status_Out
    usb_prop.o(i.Virtual_Com_Port_Reset) refers to usb_regs.o(i.SetEPRxCount) for SetEPRxCount
    usb_prop.o(i.Virtual_Com_Port_Reset) refers to usb_regs.o(i.SetEPRxValid) for SetEPRxValid
    usb_prop.o(i.Virtual_Com_Port_Reset) refers to usb_regs.o(i.SetEPRxStatus) for SetEPRxStatus
    usb_prop.o(i.Virtual_Com_Port_Reset) refers to usb_core.o(i.SetDeviceAddress) for SetDeviceAddress
    usb_prop.o(i.Virtual_Com_Port_Reset) refers to usb_init.o(.data) for pInformation
    usb_prop.o(i.Virtual_Com_Port_Reset) refers to usb_desc.o(.constdata) for Virtual_Com_Port_ConfigDescriptor
    usb_prop.o(i.Virtual_Com_Port_Reset) refers to usb_prop.o(.data) for Device_Property
    usb_prop.o(i.Virtual_Com_Port_Reset) refers to usb_pwr.o(.data) for bDeviceState
    usb_prop.o(i.Virtual_Com_Port_SetConfiguration) refers to usb_init.o(.bss) for Device_Info
    usb_prop.o(i.Virtual_Com_Port_SetConfiguration) refers to usb_pwr.o(.data) for bDeviceState
    usb_prop.o(i.Virtual_Com_Port_SetDeviceAddress) refers to usb_pwr.o(.data) for bDeviceState
    usb_prop.o(i.Virtual_Com_Port_Status_In) refers to hw_config.o(i.UART0_Config) for UART0_Config
    usb_prop.o(i.Virtual_Com_Port_Status_In) refers to usb_prop.o(.data) for Request
    usb_prop.o(i.Virtual_Com_Port_SetLineCoding) refers to usb_init.o(.data) for pInformation
    usb_prop.o(i.Virtual_Com_Port_SetLineCoding) refers to usb_prop.o(.data) for linecoding
    usb_prop.o(i.Virtual_Com_Port_GetLineCoding) refers to usb_init.o(.data) for pInformation
    usb_prop.o(i.Virtual_Com_Port_GetLineCoding) refers to usb_prop.o(.data) for linecoding
    usb_prop.o(i.Virtual_Com_Port_Data_Setup) refers to uwrite4.o(.text) for __aeabi_uwrite4
    usb_prop.o(i.Virtual_Com_Port_Data_Setup) refers to usb_init.o(.data) for pInformation
    usb_prop.o(i.Virtual_Com_Port_Data_Setup) refers to usb_prop.o(i.Virtual_Com_Port_GetLineCoding) for Virtual_Com_Port_GetLineCoding
    usb_prop.o(i.Virtual_Com_Port_Data_Setup) refers to usb_prop.o(i.Virtual_Com_Port_SetLineCoding) for Virtual_Com_Port_SetLineCoding
    usb_prop.o(i.Virtual_Com_Port_Data_Setup) refers to usb_prop.o(.data) for Request
    usb_prop.o(i.Virtual_Com_Port_NoData_Setup) refers to usb_init.o(.data) for pInformation
    usb_prop.o(i.Virtual_Com_Port_GetDeviceDescriptor) refers to usb_core.o(i.Standard_GetDescriptorData) for Standard_GetDescriptorData
    usb_prop.o(i.Virtual_Com_Port_GetDeviceDescriptor) refers to usb_prop.o(.data) for Device_Descriptor
    usb_prop.o(i.Virtual_Com_Port_GetConfigDescriptor) refers to usb_core.o(i.Standard_GetDescriptorData) for Standard_GetDescriptorData
    usb_prop.o(i.Virtual_Com_Port_GetConfigDescriptor) refers to usb_prop.o(.data) for Config_Descriptor
    usb_prop.o(i.Virtual_Com_Port_GetStringDescriptor) refers to usb_core.o(i.Standard_GetDescriptorData) for Standard_GetDescriptorData
    usb_prop.o(i.Virtual_Com_Port_GetStringDescriptor) refers to usb_init.o(.data) for pInformation
    usb_prop.o(i.Virtual_Com_Port_GetStringDescriptor) refers to usb_prop.o(.data) for String_Descriptor
    usb_prop.o(.data) refers to usb_prop.o(i.Virtual_Com_Port_init) for Virtual_Com_Port_init
    usb_prop.o(.data) refers to usb_prop.o(i.Virtual_Com_Port_Reset) for Virtual_Com_Port_Reset
    usb_prop.o(.data) refers to usb_prop.o(i.Virtual_Com_Port_Status_In) for Virtual_Com_Port_Status_In
    usb_prop.o(.data) refers to usb_prop.o(i.Virtual_Com_Port_Status_Out) for Virtual_Com_Port_Status_Out
    usb_prop.o(.data) refers to usb_prop.o(i.Virtual_Com_Port_Data_Setup) for Virtual_Com_Port_Data_Setup
    usb_prop.o(.data) refers to usb_prop.o(i.Virtual_Com_Port_NoData_Setup) for Virtual_Com_Port_NoData_Setup
    usb_prop.o(.data) refers to usb_prop.o(i.Virtual_Com_Port_Get_Interface_Setting) for Virtual_Com_Port_Get_Interface_Setting
    usb_prop.o(.data) refers to usb_prop.o(i.Virtual_Com_Port_GetDeviceDescriptor) for Virtual_Com_Port_GetDeviceDescriptor
    usb_prop.o(.data) refers to usb_prop.o(i.Virtual_Com_Port_GetConfigDescriptor) for Virtual_Com_Port_GetConfigDescriptor
    usb_prop.o(.data) refers to usb_prop.o(i.Virtual_Com_Port_GetStringDescriptor) for Virtual_Com_Port_GetStringDescriptor
    usb_prop.o(.data) refers to usb_core.o(i.NOP_Process) for NOP_Process
    usb_prop.o(.data) refers to usb_prop.o(i.Virtual_Com_Port_SetConfiguration) for Virtual_Com_Port_SetConfiguration
    usb_prop.o(.data) refers to usb_prop.o(i.Virtual_Com_Port_SetDeviceAddress) for Virtual_Com_Port_SetDeviceAddress
    usb_prop.o(.data) refers to usb_desc.o(.constdata) for Virtual_Com_Port_DeviceDescriptor
    usb_pwr.o(i.PowerOn) refers to hw_config.o(i.USB_Cable_Config) for USB_Cable_Config
    usb_pwr.o(i.PowerOn) refers to usb_init.o(.data) for wInterrupt_Mask
    usb_pwr.o(i.PowerOff) refers to hw_config.o(i.USB_Cable_Config) for USB_Cable_Config
    usb_pwr.o(i.Suspend) refers to hw_config.o(i.Enter_LowPowerMode) for Enter_LowPowerMode
    usb_pwr.o(i.Resume_Init) refers to hw_config.o(i.Leave_LowPowerMode) for Leave_LowPowerMode
    usb_pwr.o(i.Resume) refers to usb_pwr.o(i.Resume_Init) for Resume_Init
    usb_pwr.o(i.Resume) refers to usb_pwr.o(.data) for ResumeS
    usb_user.o(i.sentDataFromDevToHost) refers to usb_mem.o(i.UserToPMABufferCopy) for UserToPMABufferCopy
    usb_user.o(i.sentDataFromDevToHost) refers to usb_regs.o(i.SetEPTxCount) for SetEPTxCount
    usb_user.o(i.sentDataFromDevToHost) refers to usb_regs.o(i.SetEPTxValid) for SetEPTxValid
    usb_user.o(i.getDataFromHostToDev) refers to usb_endp.o(.bss) for buffer_out
    usb_user.o(i.getReceivedDataLen) refers to usb_endp.o(.data) for count_out
    usb_user.o(i.receivedDataHandler) refers to usb_user.o(i.getReceivedDataLen) for getReceivedDataLen
    usb_user.o(i.receivedDataHandler) refers to usb_user.o(i.getDataFromHostToDev) for getDataFromHostToDev
    usb_user.o(i.receivedDataHandler) refers to usb_user.o(i.sentDataFromDevToHost) for sentDataFromDevToHost
    91x_vect.o(Reset) refers to 91x_init.o(Init) for Reset_Handler
    91x_vect.o(Reset) refers to 91x_it.o(i.FIQ_Handler) for FIQ_Handler
    91x_vect.o(Reset) refers to 91x_it.o(i.Undefined_Handler) for Undefined_Handler
    91x_vect.o(Reset) refers to 91x_it.o(i.SWI_Handler) for SWI_Handler
    91x_vect.o(Reset) refers to 91x_it.o(i.Prefetch_Handler) for Prefetch_Handler
    91x_vect.o(Reset) refers to 91x_it.o(i.Abort_Handler) for Abort_Handler
    91x_init.o(Init) refers to entry.o($$startup$$) for __main
    91x_init.o(Init) refers to 91x_init.o(STACK) for Stack_Top
    91x_vic.o(i.VIC_DeInit) refers to 91x_scu.o(i.SCU_AHBPeriphReset) for SCU_AHBPeriphReset
    91x_vic.o(i.VIC_InitDefaultVectors) refers to 91x_it.o(i.DefaultVector_Handler) for DefaultVector_Handler
    91x_vic.o(i.VIC_Config) refers to 91x_vic.o(i.VIC_ISRVectAddConfig) for VIC_ISRVectAddConfig
    91x_vic.o(i.VIC_Config) refers to 91x_vic.o(i.VIC_ITModeConfig) for VIC_ITModeConfig
    91x_vic.o(i.VIC_Config) refers to 91x_vic.o(i.VIC_VectEnableConfig) for VIC_VectEnableConfig
    91x_vic.o(i.VIC_Config) refers to 91x_vic.o(i.VIC_ITSourceConfig) for VIC_ITSourceConfig
    91x_vic.o(i.VIC_Config) refers to 91x_it.o(i.WDG_IRQHandler) for WDG_IRQHandler
    91x_vic.o(i.VIC_Config) refers to 91x_it.o(i.SW_IRQHandler) for SW_IRQHandler
    91x_vic.o(i.VIC_Config) refers to 91x_it.o(i.ARMRX_IRQHandler) for ARMRX_IRQHandler
    91x_vic.o(i.VIC_Config) refers to 91x_it.o(i.ARMTX_IRQHandler) for ARMTX_IRQHandler
    91x_vic.o(i.VIC_Config) refers to 91x_it.o(i.TIM0_IRQHandler) for TIM0_IRQHandler
    91x_vic.o(i.VIC_Config) refers to 91x_it.o(i.TIM1_IRQHandler) for TIM1_IRQHandler
    91x_vic.o(i.VIC_Config) refers to 91x_it.o(i.TIM2_IRQHandler) for TIM2_IRQHandler
    91x_vic.o(i.VIC_Config) refers to 91x_it.o(i.TIM3_IRQHandler) for TIM3_IRQHandler
    91x_vic.o(i.VIC_Config) refers to 91x_it.o(i.USBHP_IRQHandler) for USBHP_IRQHandler
    91x_vic.o(i.VIC_Config) refers to 91x_it.o(i.USBLP_IRQHandler) for USBLP_IRQHandler
    91x_vic.o(i.VIC_Config) refers to 91x_it.o(i.SCU_IRQHandler) for SCU_IRQHandler
    91x_vic.o(i.VIC_Config) refers to 91x_it.o(i.ENET_IRQHandler) for ENET_IRQHandler
    91x_vic.o(i.VIC_Config) refers to 91x_it.o(i.DMA_IRQHandler) for DMA_IRQHandler
    91x_vic.o(i.VIC_Config) refers to 91x_it.o(i.CAN_IRQHandler) for CAN_IRQHandler
    91x_vic.o(i.VIC_Config) refers to 91x_it.o(i.MC_IRQHandler) for MC_IRQHandler
    91x_vic.o(i.VIC_Config) refers to 91x_it.o(i.ADC_IRQHandler) for ADC_IRQHandler
    91x_vic.o(i.VIC_Config) refers to 91x_it.o(i.UART0_IRQHandler) for UART0_IRQHandler
    91x_vic.o(i.VIC_Config) refers to 91x_it.o(i.UART1_IRQHandler) for UART1_IRQHandler
    91x_vic.o(i.VIC_Config) refers to 91x_it.o(i.UART2_IRQHandler) for UART2_IRQHandler
    91x_vic.o(i.VIC_Config) refers to 91x_it.o(i.I2C0_IRQHandler) for I2C0_IRQHandler
    91x_vic.o(i.VIC_Config) refers to 91x_it.o(i.I2C1_IRQHandler) for I2C1_IRQHandler
    91x_vic.o(i.VIC_Config) refers to 91x_it.o(i.SSP0_IRQHandler) for SSP0_IRQHandler
    91x_vic.o(i.VIC_Config) refers to 91x_it.o(i.SSP1_IRQHandler) for SSP1_IRQHandler
    91x_vic.o(i.VIC_Config) refers to 91x_it.o(i.LVD_IRQHandler) for LVD_IRQHandler
    91x_vic.o(i.VIC_Config) refers to 91x_it.o(i.RTC_IRQHandler) for RTC_IRQHandler
    91x_vic.o(i.VIC_Config) refers to 91x_it.o(i.WIU_IRQHandler) for WIU_IRQHandler
    91x_vic.o(i.VIC_Config) refers to 91x_it.o(i.EXTIT0_IRQHandler) for EXTIT0_IRQHandler
    91x_vic.o(i.VIC_Config) refers to 91x_it.o(i.EXTIT1_IRQHandler) for EXTIT1_IRQHandler
    91x_vic.o(i.VIC_Config) refers to 91x_it.o(i.EXTIT2_IRQHandler) for EXTIT2_IRQHandler
    91x_vic.o(i.VIC_Config) refers to 91x_it.o(i.EXTIT3_IRQHandler) for EXTIT3_IRQHandler
    91x_vic.o(i.VIC_Config) refers to 91x_it.o(i.USBWU_IRQHandler) for USBWU_IRQHandler
    91x_vic.o(i.VIC_Config) refers to 91x_it.o(i.PFQBC_IRQHandler) for PFQBC_IRQHandler
    91x_gpio.o(i.GPIO_DeInit) refers to 91x_scu.o(i.SCU_APBPeriphReset) for SCU_APBPeriphReset
    91x_gpio.o(i.GPIO_Init) refers to 91x_gpio.o(i.GPIO_GetGPIONumber) for GPIO_GetGPIONumber
    91x_gpio.o(i.GPIO_ANAPinConfig) refers to 91x_gpio.o(i.GPIO_GetAnaloClearBits) for GPIO_GetAnaloClearBits
    91x_scu.o(i.SCU_PLLFactorsConfig) refers to 91x_scu.o(i.SCU_PLLCmd) for SCU_PLLCmd
    91x_scu.o(i.SCU_GetPLLFreqValue) refers to idiv.o(.text) for __aeabi_idivmod
    91x_scu.o(i.SCU_GetMCLKFreqValue) refers to 91x_scu.o(i.SCU_GetPLLFreqValue) for SCU_GetPLLFreqValue
    91x_scu.o(i.SCU_GetRCLKFreqValue) refers to 91x_scu.o(i.SCU_GetMCLKFreqValue) for SCU_GetMCLKFreqValue
    91x_scu.o(i.SCU_GetHCLKFreqValue) refers to 91x_scu.o(i.SCU_GetRCLKFreqValue) for SCU_GetRCLKFreqValue
    91x_scu.o(i.SCU_GetPCLKFreqValue) refers to 91x_scu.o(i.SCU_GetRCLKFreqValue) for SCU_GetRCLKFreqValue
    91x_uart.o(i.UART_DeInit) refers to 91x_scu.o(i.SCU_APBPeriphReset) for SCU_APBPeriphReset
    91x_uart.o(i.UART_Init) refers to 91x_scu.o(i.SCU_GetMCLKFreqValue) for SCU_GetMCLKFreqValue
    91x_uart.o(i.UART_Init) refers to ldiv.o(.text) for __aeabi_ldivmod
    91x_uart.o(i.UART_Init) refers to uidiv.o(.text) for __aeabi_uidivmod
    91x_uart.o(i.UART_IrDASetCounter) refers to 91x_scu.o(i.SCU_GetPCLKFreqValue) for SCU_GetPCLKFreqValue
    91x_uart.o(i.UART_IrDASetCounter) refers to uidiv.o(.text) for __aeabi_uidivmod
    usb_core.o(i.Standard_GetConfiguration) refers to uread4.o(.text) for __aeabi_uread4
    usb_core.o(i.Standard_GetConfiguration) refers to usb_init.o(.data) for pInformation
    usb_core.o(i.Standard_SetConfiguration) refers to uread4.o(.text) for __aeabi_uread4
    usb_core.o(i.Standard_SetConfiguration) refers to usb_init.o(.data) for pInformation
    usb_core.o(i.Standard_SetConfiguration) refers to usb_prop.o(.data) for Device_Table
    usb_core.o(i.Standard_GetInterface) refers to uread4.o(.text) for __aeabi_uread4
    usb_core.o(i.Standard_GetInterface) refers to usb_init.o(.data) for pInformation
    usb_core.o(i.Standard_SetInterface) refers to uread4.o(.text) for __aeabi_uread4
    usb_core.o(i.Standard_SetInterface) refers to usb_init.o(.data) for pProperty
    usb_core.o(i.Standard_GetStatus) refers to uread4.o(.text) for __aeabi_uread4
    usb_core.o(i.Standard_GetStatus) refers to usb_init.o(.data) for pInformation
    usb_core.o(i.Standard_GetStatus) refers to usb_core.o(.data) for StatusInfo
    usb_core.o(i.Standard_ClearFeature) refers to uread4.o(.text) for __aeabi_uread4
    usb_core.o(i.Standard_ClearFeature) refers to usb_regs.o(i.ClearDTOG_TX) for ClearDTOG_TX
    usb_core.o(i.Standard_ClearFeature) refers to usb_regs.o(i.SetEPTxStatus) for SetEPTxStatus
    usb_core.o(i.Standard_ClearFeature) refers to usb_regs.o(i.SetEPRxCount) for SetEPRxCount
    usb_core.o(i.Standard_ClearFeature) refers to usb_regs.o(i.ClearDTOG_RX) for ClearDTOG_RX
    usb_core.o(i.Standard_ClearFeature) refers to usb_init.o(.data) for pInformation
    usb_core.o(i.Standard_ClearFeature) refers to usb_prop.o(.data) for Device_Table
    usb_core.o(i.Standard_SetEndPointFeature) refers to uread4.o(.text) for __aeabi_uread4
    usb_core.o(i.Standard_SetEndPointFeature) refers to usb_init.o(.data) for pInformation
    usb_core.o(i.Standard_SetEndPointFeature) refers to usb_prop.o(.data) for Device_Table
    usb_core.o(i.Standard_SetDeviceFeature) refers to uread4.o(.text) for __aeabi_uread4
    usb_core.o(i.Standard_SetDeviceFeature) refers to usb_init.o(.data) for pInformation
    usb_core.o(i.Standard_GetDescriptorData) refers to uread4.o(.text) for __aeabi_uread4
    usb_core.o(i.Standard_GetDescriptorData) refers to usb_init.o(.data) for pInformation
    usb_core.o(i.DataStageOut) refers to uread4.o(.text) for __aeabi_uread4
    usb_core.o(i.DataStageOut) refers to usb_regs.o(i.GetEPRxAddr) for GetEPRxAddr
    usb_core.o(i.DataStageOut) refers to usb_mem.o(i.PMAToUserBufferCopy) for PMAToUserBufferCopy
    usb_core.o(i.DataStageOut) refers to usb_regs.o(i.SetEPTxCount) for SetEPTxCount
    usb_core.o(i.DataStageOut) refers to usb_init.o(.data) for pInformation
    usb_core.o(i.DataStageOut) refers to usb_int.o(.data) for SaveRState
    usb_core.o(i.DataStageIn) refers to uread4.o(.text) for __aeabi_uread4
    usb_core.o(i.DataStageIn) refers to usb_regs.o(i.GetEPTxAddr) for GetEPTxAddr
    usb_core.o(i.DataStageIn) refers to usb_mem.o(i.UserToPMABufferCopy) for UserToPMABufferCopy
    usb_core.o(i.DataStageIn) refers to usb_regs.o(i.SetEPTxCount) for SetEPTxCount
    usb_core.o(i.DataStageIn) refers to usb_init.o(.data) for pInformation
    usb_core.o(i.DataStageIn) refers to usb_core.o(.data) for Data_Mul_MaxPacketSize
    usb_core.o(i.DataStageIn) refers to usb_int.o(.data) for SaveTState
    usb_core.o(i.NoData_Setup0) refers to usb_core.o(i.Standard_SetConfiguration) for Standard_SetConfiguration
    usb_core.o(i.NoData_Setup0) refers to usb_core.o(i.Standard_SetDeviceFeature) for Standard_SetDeviceFeature
    usb_core.o(i.NoData_Setup0) refers to usb_core.o(i.Standard_ClearFeature) for Standard_ClearFeature
    usb_core.o(i.NoData_Setup0) refers to usb_core.o(i.Standard_SetInterface) for Standard_SetInterface
    usb_core.o(i.NoData_Setup0) refers to usb_core.o(i.Standard_SetEndPointFeature) for Standard_SetEndPointFeature
    usb_core.o(i.NoData_Setup0) refers to uread4.o(.text) for __aeabi_uread4
    usb_core.o(i.NoData_Setup0) refers to usb_init.o(.data) for pInformation
    usb_core.o(i.NoData_Setup0) refers to usb_int.o(.data) for SaveTState
    usb_core.o(i.Data_Setup0) refers to uread4.o(.text) for __aeabi_uread4
    usb_core.o(i.Data_Setup0) refers to uwrite4.o(.text) for __aeabi_uwrite4
    usb_core.o(i.Data_Setup0) refers to idiv.o(.text) for __aeabi_idivmod
    usb_core.o(i.Data_Setup0) refers to usb_core.o(i.DataStageIn) for DataStageIn
    usb_core.o(i.Data_Setup0) refers to usb_init.o(.data) for pInformation
    usb_core.o(i.Data_Setup0) refers to usb_core.o(i.Standard_GetStatus) for Standard_GetStatus
    usb_core.o(i.Data_Setup0) refers to usb_prop.o(.data) for Device_Table
    usb_core.o(i.Data_Setup0) refers to usb_core.o(i.Standard_GetConfiguration) for Standard_GetConfiguration
    usb_core.o(i.Data_Setup0) refers to usb_core.o(i.Standard_GetInterface) for Standard_GetInterface
    usb_core.o(i.Data_Setup0) refers to usb_core.o(.data) for Data_Mul_MaxPacketSize
    usb_core.o(i.Data_Setup0) refers to usb_int.o(.data) for SaveRState
    usb_core.o(i.Post0_Process) refers to usb_regs.o(i.SetEPRxCount) for SetEPRxCount
    usb_core.o(i.Post0_Process) refers to usb_prop.o(.data) for Device_Property
    usb_core.o(i.Post0_Process) refers to usb_init.o(.data) for pInformation
    usb_core.o(i.Post0_Process) refers to usb_int.o(.data) for SaveRState
    usb_core.o(i.Setup0_Process) refers to usb_regs.o(i.GetEPRxAddr) for GetEPRxAddr
    usb_core.o(i.Setup0_Process) refers to usb_regs.o(i.ByteSwap) for ByteSwap
    usb_core.o(i.Setup0_Process) refers to usb_core.o(i.NoData_Setup0) for NoData_Setup0
    usb_core.o(i.Setup0_Process) refers to usb_core.o(i.Data_Setup0) for Data_Setup0
    usb_core.o(i.Setup0_Process) refers to usb_core.o(i.Post0_Process) for Post0_Process
    usb_core.o(i.Setup0_Process) refers to usb_init.o(.data) for pInformation
    usb_core.o(i.SetDeviceAddress) refers to usb_prop.o(.data) for Device_Table
    usb_core.o(i.In0_Process) refers to usb_core.o(i.DataStageIn) for DataStageIn
    usb_core.o(i.In0_Process) refers to usb_core.o(i.SetDeviceAddress) for SetDeviceAddress
    usb_core.o(i.In0_Process) refers to uread4.o(.text) for __aeabi_uread4
    usb_core.o(i.In0_Process) refers to usb_core.o(i.Post0_Process) for Post0_Process
    usb_core.o(i.In0_Process) refers to usb_init.o(.data) for pInformation
    usb_core.o(i.Out0_Process) refers to usb_core.o(i.DataStageOut) for DataStageOut
    usb_core.o(i.Out0_Process) refers to uread4.o(.text) for __aeabi_uread4
    usb_core.o(i.Out0_Process) refers to usb_core.o(i.Post0_Process) for Post0_Process
    usb_core.o(i.Out0_Process) refers to usb_init.o(.data) for pInformation
    usb_init.o(i.USB_Init) refers to uread4.o(.text) for __aeabi_uread4
    usb_init.o(i.USB_Init) refers to usb_init.o(.bss) for Device_Info
    usb_init.o(i.USB_Init) refers to usb_init.o(.data) for pInformation
    usb_init.o(i.USB_Init) refers to usb_prop.o(.data) for Device_Property
    usb_int.o(i.CTR_LP) refers to usb_core.o(i.In0_Process) for In0_Process
    usb_int.o(i.CTR_LP) refers to usb_core.o(i.Setup0_Process) for Setup0_Process
    usb_int.o(i.CTR_LP) refers to usb_core.o(i.Out0_Process) for Out0_Process
    usb_int.o(i.CTR_LP) refers to usb_istr.o(.data) for wIstr
    usb_int.o(i.CTR_LP) refers to usb_init.o(.data) for EPindex
    usb_int.o(i.CTR_LP) refers to usb_int.o(.data) for SaveRState
    usb_int.o(i.CTR_HP) refers to usb_istr.o(.data) for wIstr
    usb_int.o(i.CTR_HP) refers to usb_init.o(.data) for EPindex
    usb_regs.o(i.SetDouBleBuffEPStall) refers to usb_regs.o(i.GetENDPOINT) for GetENDPOINT
    usb_regs.o(i.SetEPDblBuf0Count) refers to usb_regs.o(i.SetEPTxCount) for SetEPTxCount
    usb_regs.o(i.SetEPDblBuffCount) refers to usb_regs.o(i.SetEPDblBuf0Count) for SetEPDblBuf0Count
    usb_regs.o(i.SetEPDblBuffCount) refers to usb_regs.o(i.SetEPDblBuf1Count) for SetEPDblBuf1Count
    entry.o($$startup$$) refers to init.o(.text) for __init
    entry.o($$startup$$) refers to 91x_init.o(STACK) for __initial_sp
    idiv.o(.text) refers to uidiv.o(.text) for __aeabi_uidivmod
    ldiv.o(.text) refers to uldiv.o(.text) for __aeabi_uldivmod
    init.o(.text) refers to init.o(.emb_text) for __call_main
    init.o(.text) refers to main.o(i.main) for main
    uldiv.o(.text) refers to llushr.o(.text) for __aeabi_llsr
    uldiv.o(.text) refers to llshl.o(.text) for __aeabi_llsl


================================================================================

Removing Unused input sections from the image.

    Removing hw_config.o(i.USB_To_UART_Send_Data), (52 bytes).
    Removing hw_config.o(.data), (6 bytes).
    Removing usb_pwr.o(i.PowerOff), (48 bytes).
    Removing 91x_init.o(HEAP), (512 bytes).
    Removing 91x_vic.o(i.VIC_GetIRQStatus), (88 bytes).
    Removing 91x_vic.o(i.VIC_GetFIQStatus), (84 bytes).
    Removing 91x_vic.o(i.VIC_GetSourceITStatus), (84 bytes).
    Removing 91x_vic.o(i.VIC_SWITCmd), (116 bytes).
    Removing 91x_vic.o(i.VIC_ProtectionCmd), (96 bytes).
    Removing 91x_vic.o(i.VIC_GetCurrentISRAdd), (12 bytes).
    Removing 91x_vic.o(i.VIC_GetISRVectAdd), (48 bytes).
    Removing 91x_ahbapb.o(i.AHBAPB_DeInit), (16 bytes).
    Removing 91x_ahbapb.o(i.AHBAPB_Init), (144 bytes).
    Removing 91x_ahbapb.o(i.AHBAPB_StructInit), (36 bytes).
    Removing 91x_ahbapb.o(i.AHBAPB_GetFlagStatus), (68 bytes).
    Removing 91x_ahbapb.o(i.AHBAPB_ClearFlag), (16 bytes).
    Removing 91x_ahbapb.o(i.AHBAPB_GetPeriphAddrError), (20 bytes).
    Removing 91x_fmi.o(i.FMI_BankRemapConfig), (56 bytes).
    Removing 91x_fmi.o(i.FMI_EraseSector), (20 bytes).
    Removing 91x_fmi.o(i.FMI_EraseBank), (20 bytes).
    Removing 91x_fmi.o(i.FMI_WriteHalfWord), (20 bytes).
    Removing 91x_fmi.o(i.FMI_WriteOTPHalfWord), (40 bytes).
    Removing 91x_fmi.o(i.FMI_ReadWord), (12 bytes).
    Removing 91x_fmi.o(i.FMI_ReadOTPData), (64 bytes).
    Removing 91x_fmi.o(i.FMI_GetFlagStatus), (68 bytes).
    Removing 91x_fmi.o(i.FMI_GetReadWaitStateValue), (76 bytes).
    Removing 91x_fmi.o(i.FMI_GetWriteWaitStateValue), (28 bytes).
    Removing 91x_fmi.o(i.FMI_SuspendEnable), (12 bytes).
    Removing 91x_fmi.o(i.FMI_ResumeEnable), (12 bytes).
    Removing 91x_fmi.o(i.FMI_ClearFlag), (12 bytes).
    Removing 91x_fmi.o(i.FMI_WriteProtectionCmd), (64 bytes).
    Removing 91x_fmi.o(i.FMI_WaitForLastOperation), (84 bytes).
    Removing 91x_fmi.o(i.FMI_ReadRSIGData), (68 bytes).
    Removing 91x_gpio.o(i.GPIO_DeInit), (572 bytes).
    Removing 91x_gpio.o(i.GPIO_GetGPIONumber), (192 bytes).
    Removing 91x_gpio.o(i.GPIO_Init), (424 bytes).
    Removing 91x_gpio.o(i.GPIO_StructInit), (28 bytes).
    Removing 91x_gpio.o(i.GPIO_ReadBit), (32 bytes).
    Removing 91x_gpio.o(i.GPIO_Read), (12 bytes).
    Removing 91x_gpio.o(i.GPIO_Write), (8 bytes).
    Removing 91x_gpio.o(i.GPIO_EMIConfig), (44 bytes).
    Removing 91x_gpio.o(i.GPIO_GetAnaloClearBits), (172 bytes).
    Removing 91x_gpio.o(i.GPIO_ANAPinConfig), (112 bytes).
    Removing 91x_scu.o(i.SCU_RCLKDivisorConfig), (56 bytes).
    Removing 91x_scu.o(i.SCU_HCLKDivisorConfig), (56 bytes).
    Removing 91x_scu.o(i.SCU_PCLKDivisorConfig), (60 bytes).
    Removing 91x_scu.o(i.SCU_APBPeriphClockConfig), (60 bytes).
    Removing 91x_scu.o(i.SCU_APBPeriphIdleConfig), (60 bytes).
    Removing 91x_scu.o(i.SCU_AHBPeriphIdleConfig), (60 bytes).
    Removing 91x_scu.o(i.SCU_APBPeriphDebugConfig), (60 bytes).
    Removing 91x_scu.o(i.SCU_AHBPeriphDebugConfig), (60 bytes).
    Removing 91x_scu.o(i.SCU_BRCLKDivisorConfig), (56 bytes).
    Removing 91x_scu.o(i.SCU_TIMExtCLKCmd), (116 bytes).
    Removing 91x_scu.o(i.SCU_PHYCLKConfig), (60 bytes).
    Removing 91x_scu.o(i.SCU_FMICLKDivisorConfig), (60 bytes).
    Removing 91x_scu.o(i.SCU_EMIBCLKDivisorConfig), (60 bytes).
    Removing 91x_scu.o(i.SCU_EMIModeConfig), (56 bytes).
    Removing 91x_scu.o(i.SCU_EMIALEConfig), (108 bytes).
    Removing 91x_scu.o(i.SCU_ITConfig), (60 bytes).
    Removing 91x_scu.o(i.SCU_GetFlagStatus), (40 bytes).
    Removing 91x_scu.o(i.SCU_ClearFlag), (16 bytes).
    Removing 91x_scu.o(i.SCU_GetRCLKFreqValue), (48 bytes).
    Removing 91x_scu.o(i.SCU_GetHCLKFreqValue), (36 bytes).
    Removing 91x_scu.o(i.SCU_GetPCLKFreqValue), (36 bytes).
    Removing 91x_scu.o(i.SCU_WakeUpLineConfig), (212 bytes).
    Removing 91x_scu.o(i.SCU_SpecIntRunModeConfig), (60 bytes).
    Removing 91x_scu.o(i.SCU_EnterIdleMode), (28 bytes).
    Removing 91x_scu.o(i.SCU_EnterSleepMode), (28 bytes).
    Removing 91x_scu.o(i.SCU_UARTIrDASelect), (188 bytes).
    Removing 91x_scu.o(i.SCU_PFQBCCmd), (60 bytes).
    Removing 91x_scu.o(i.SCU_EMIByte_Select_Pinconfig), (60 bytes).
    Removing 91x_scu.o(i.SCU_EMIclock_Pinconfig), (60 bytes).
    Removing 91x_uart.o(i.UART_StructInit), (72 bytes).
    Removing 91x_uart.o(i.UART_DMAConfig), (52 bytes).
    Removing 91x_uart.o(i.UART_DMACmd), (92 bytes).
    Removing 91x_uart.o(i.UART_LoopBackConfig), (48 bytes).
    Removing 91x_uart.o(i.UART_GetFlagStatus), (100 bytes).
    Removing 91x_uart.o(i.UART_ClearFlag), (12 bytes).
    Removing 91x_uart.o(i.UART_IrDALowPowerConfig), (140 bytes).
    Removing 91x_uart.o(i.UART_IrDASetCounter), (156 bytes).
    Removing 91x_uart.o(i.UART_IrDACmd), (140 bytes).
    Removing 91x_uart.o(i.UART_SendData), (8 bytes).
    Removing 91x_uart.o(i.UART_SendBreak), (16 bytes).
    Removing 91x_uart.o(i.UART_RTSConfig), (68 bytes).
    Removing 91x_uart.o(i.UART_DTRConfig), (68 bytes).
    Removing usb_regs.o(i.SetCNTR), (12 bytes).
    Removing usb_regs.o(i.GetCNTR), (20 bytes).
    Removing usb_regs.o(i.SetISTR), (12 bytes).
    Removing usb_regs.o(i.GetFNR), (20 bytes).
    Removing usb_regs.o(i.SetDADDR), (12 bytes).
    Removing usb_regs.o(i.GetDADDR), (20 bytes).
    Removing usb_regs.o(i.GetBTABLE), (20 bytes).
    Removing usb_regs.o(i.SetENDPOINT), (16 bytes).
    Removing usb_regs.o(i.GetENDPOINT), (28 bytes).
    Removing usb_regs.o(i.GetEPType), (24 bytes).
    Removing usb_regs.o(i.SetDouBleBuffEPStall), (80 bytes).
    Removing usb_regs.o(i.GetEPTxStatus), (24 bytes).
    Removing usb_regs.o(i.GetEPRxStatus), (24 bytes).
    Removing usb_regs.o(i.SetEP_KIND), (44 bytes).
    Removing usb_regs.o(i.ClearEP_KIND), (40 bytes).
    Removing usb_regs.o(i.Set_Status_Out), (44 bytes).
    Removing usb_regs.o(i.SetEPDoubleBuff), (44 bytes).
    Removing usb_regs.o(i.ClearEPDoubleBuff), (40 bytes).
    Removing usb_regs.o(i.GetTxStallStatus), (52 bytes).
    Removing usb_regs.o(i.GetRxStallStatus), (52 bytes).
    Removing usb_regs.o(i.ClearEP_CTR_RX), (48 bytes).
    Removing usb_regs.o(i.ClearEP_CTR_TX), (40 bytes).
    Removing usb_regs.o(i.ToggleDTOG_RX), (44 bytes).
    Removing usb_regs.o(i.ToggleDTOG_TX), (44 bytes).
    Removing usb_regs.o(i.SetEPAddress), (44 bytes).
    Removing usb_regs.o(i.GetEPAddress), (24 bytes).
    Removing usb_regs.o(i.GetEPTxCount), (44 bytes).
    Removing usb_regs.o(i.SetEPDblBuffAddr), (184 bytes).
    Removing usb_regs.o(i.SetEPDblBuf0Addr), (92 bytes).
    Removing usb_regs.o(i.SetEPDblBuf1Addr), (92 bytes).
    Removing usb_regs.o(i.GetEPDblBuf0Addr), (44 bytes).
    Removing usb_regs.o(i.GetEPDblBuf1Addr), (48 bytes).
    Removing usb_regs.o(i.SetEPDblBuf1Count), (320 bytes).
    Removing usb_regs.o(i.SetEPDblBuf0Count), (264 bytes).
    Removing usb_regs.o(i.SetEPDblBuffCount), (52 bytes).
    Removing usb_regs.o(i.GetEPDblBuf0Count), (44 bytes).
    Removing usb_regs.o(i.GetEPDblBuf1Count), (60 bytes).
    Removing usb_regs.o(i.FreeUserBuffer), (100 bytes).
    Removing usb_regs.o(i.ToWord), (12 bytes).
    Removing usb_regs.o(i.SetDMABurstTxSize), (32 bytes).
    Removing usb_regs.o(i.SetDMABurstRxSize), (32 bytes).
    Removing usb_regs.o(i.DMAUnlinkedModeTxConfig), (56 bytes).
    Removing usb_regs.o(i.DMAUnlinkedModeTxEnable), (64 bytes).
    Removing usb_regs.o(i.DMAUnlinkedModeTxDisable), (24 bytes).
    Removing usb_regs.o(i.DMAUnlinkedModeRxEnable), (48 bytes).
    Removing usb_regs.o(i.DMAUnlinkedModeRxDisable), (28 bytes).
    Removing usb_regs.o(i.DMALinkedModeRxConfig), (40 bytes).
    Removing usb_regs.o(i.DMALinkedModeTxConfig), (40 bytes).
    Removing usb_regs.o(i.DMALinkedModeRxEnable), (40 bytes).
    Removing usb_regs.o(i.DMALinkedModeTxEnable), (40 bytes).
    Removing usb_regs.o(i.DMALinkedModeRxDisable), (40 bytes).
    Removing usb_regs.o(i.DMALinkedModeTxDisable), (40 bytes).
    Removing usb_regs.o(i.DMASynchEnable), (24 bytes).
    Removing usb_regs.o(i.DMASynchDisable), (24 bytes).
    Removing usb_regs.o(i.SetDMALLITxLength), (40 bytes).
    Removing usb_regs.o(i.SetDMALLIRxLength), (40 bytes).
    Removing usb_regs.o(i.SetDMALLIRxPacketNum), (40 bytes).
    Removing usb_regs.o(i.GetDMALLIRxPacketNum), (20 bytes).

143 unused section(s) (total 9530 bytes) removed from the image.

================================================================================

Image Symbol Table

    Local Symbols

    Symbol Name                              Value     Ov Type        Size  Object(Section)

    Reset                                    0x00000000   Section      236  91x_vect.o(Reset)
    ../../../cmprslib/zerorunl2.c            0x00000000   Number         0  __dczerorl2.o ABSOLUTE
    ../../microlib/division.c                0x00000000   Number         0  uldiv.o ABSOLUTE
    ../../microlib/division.c                0x00000000   Number         0  ldiv.o ABSOLUTE
    ../../microlib/division.c                0x00000000   Number         0  idiv.o ABSOLUTE
    ../../microlib/division.c                0x00000000   Number         0  uidiv.o ABSOLUTE
    ../../microlib/init/entry.s              0x00000000   Number         0  entry.o ABSOLUTE
    ../../microlib/init/handlers.c           0x00000000   Number         0  handlers.o ABSOLUTE
    ../../microlib/init/init.c               0x00000000   Number         0  init.o ABSOLUTE
    ../../microlib/longlong.c                0x00000000   Number         0  llushr.o ABSOLUTE
    ../../microlib/longlong.c                0x00000000   Number         0  llshl.o ABSOLUTE
    ../../microlib/unhosted.c                0x00000000   Number         0  uwrite4.o ABSOLUTE
    ../../microlib/unhosted.c                0x00000000   Number         0  uread4.o ABSOLUTE
    ..\..\..\..\FWLib\str91x\src\91x_ahbapb.c 0x00000000   Number         0  91x_ahbapb.o ABSOLUTE
    ..\..\..\..\FWLib\str91x\src\91x_fmi.c   0x00000000   Number         0  91x_fmi.o ABSOLUTE
    ..\..\..\..\FWLib\str91x\src\91x_gpio.c  0x00000000   Number         0  91x_gpio.o ABSOLUTE
    ..\..\..\..\FWLib\str91x\src\91x_lib.c   0x00000000   Number         0  91x_lib.o ABSOLUTE
    ..\..\..\..\FWLib\str91x\src\91x_scu.c   0x00000000   Number         0  91x_scu.o ABSOLUTE
    ..\..\..\..\FWLib\str91x\src\91x_uart.c  0x00000000   Number         0  91x_uart.o ABSOLUTE
    ..\..\..\..\FWLib\str91x\src\91x_vic.c   0x00000000   Number         0  91x_vic.o ABSOLUTE
    ..\..\..\..\USBLib\src\usb_core.c        0x00000000   Number         0  usb_core.o ABSOLUTE
    ..\..\..\..\USBLib\src\usb_init.c        0x00000000   Number         0  usb_init.o ABSOLUTE
    ..\..\..\..\USBLib\src\usb_int.c         0x00000000   Number         0  usb_int.o ABSOLUTE
    ..\..\..\..\USBLib\src\usb_mem.c         0x00000000   Number         0  usb_mem.o ABSOLUTE
    ..\..\..\..\USBLib\src\usb_regs.c        0x00000000   Number         0  usb_regs.o ABSOLUTE
    ..\..\source\91x_it.c                    0x00000000   Number         0  91x_it.o ABSOLUTE
    ..\..\source\hw_config.c                 0x00000000   Number         0  hw_config.o ABSOLUTE
    ..\..\source\main.c                      0x00000000   Number         0  main.o ABSOLUTE
    ..\..\source\usb_desc.c                  0x00000000   Number         0  usb_desc.o ABSOLUTE
    ..\..\source\usb_endp.c                  0x00000000   Number         0  usb_endp.o ABSOLUTE
    ..\..\source\usb_istr.c                  0x00000000   Number         0  usb_istr.o ABSOLUTE
    ..\..\source\usb_prop.c                  0x00000000   Number         0  usb_prop.o ABSOLUTE
    ..\..\source\usb_pwr.c                   0x00000000   Number         0  usb_pwr.o ABSOLUTE
    91x_init.s                               0x00000000   Number         0  91x_init.o ABSOLUTE
    91x_vect.s                               0x00000000   Number         0  91x_vect.o ABSOLUTE
    dc.s                                     0x00000000   Number         0  dc.o ABSOLUTE
    myLib\usb_user.c                         0x00000000   Number         0  usb_user.o ABSOLUTE
    FIQ_Handler_end                          0x00000030   ARM Code       0  91x_vect.o(Reset)
    UndefinedHandler                         0x00000050   ARM Code       0  91x_vect.o(Reset)
    Undefined_Handler_end                    0x00000060   ARM Code       0  91x_vect.o(Reset)
    SWIHandler                               0x00000064   ARM Code       0  91x_vect.o(Reset)
    SWI_Handler_end                          0x00000074   ARM Code       0  91x_vect.o(Reset)
    PrefetchAbortHandler                     0x00000078   ARM Code       0  91x_vect.o(Reset)
    Prefetch_Handler_end                     0x0000008c   ARM Code       0  91x_vect.o(Reset)
    DataAbortHandler                         0x00000090   ARM Code       0  91x_vect.o(Reset)
    Abort_Handler_end                        0x000000a4   ARM Code       0  91x_vect.o(Reset)
    IRQHandler                               0x000000a8   ARM Code       0  91x_vect.o(Reset)
    $$startup$$                              0x000000ec   Section       12  entry.o($$startup$$)
    .emb_text                                0x000000f8   Section        2  init.o(.emb_text)
    .text                                    0x000000fa   Section       38  uidiv.o(.text)
    .text                                    0x00000120   Section       40  idiv.o(.text)
    .text                                    0x00000148   Section      122  ldiv.o(.text)
    .text                                    0x000001c2   Section       18  uread4.o(.text)
    .text                                    0x000001d4   Section       18  uwrite4.o(.text)
    .text                                    0x000001e8   Section       36  init.o(.text)
    .text                                    0x0000020c   Section       88  uldiv.o(.text)
    .text                                    0x00000264   Section       34  llshl.o(.text)
    .text                                    0x00000286   Section       32  llushr.o(.text)
    .text                                    0x000002a8   Section      112  __dczerorl2.o(.text)
    Init                                     0x00000318   Section      216  91x_init.o(Init)
    NextInst                                 0x0000031c   ARM Code       0  91x_init.o(Init)
    i.ADC_IRQHandler                         0x000003f0   Section       16  91x_it.o(i.ADC_IRQHandler)
    i.ARMRX_IRQHandler                       0x00000400   Section       16  91x_it.o(i.ARMRX_IRQHandler)
    i.ARMTX_IRQHandler                       0x00000410   Section       16  91x_it.o(i.ARMTX_IRQHandler)
    i.Abort_Handler                          0x00000420   Section        8  91x_it.o(i.Abort_Handler)
    i.ByteSwap                               0x00000428   Section       20  usb_regs.o(i.ByteSwap)
    i.CAN_IRQHandler                         0x0000043c   Section       16  91x_it.o(i.CAN_IRQHandler)
    i.CTR_HP                                 0x0000044c   Section      300  usb_int.o(i.CTR_HP)
    i.CTR_LP                                 0x00000578   Section     1132  usb_int.o(i.CTR_LP)
    i.ClearDTOG_RX                           0x000009e4   Section       64  usb_regs.o(i.ClearDTOG_RX)
    i.ClearDTOG_TX                           0x00000a24   Section       64  usb_regs.o(i.ClearDTOG_TX)
    i.Clear_Status_Out                       0x00000a64   Section       40  usb_regs.o(i.Clear_Status_Out)
    i.DMA_IRQHandler                         0x00000a8c   Section       16  91x_it.o(i.DMA_IRQHandler)
    i.DataStageIn                            0x00000a9c   Section      448  usb_core.o(i.DataStageIn)
    DataStageIn                              0x00000a9c   ARM Code     432  usb_core.o(i.DataStageIn)
    i.DataStageOut                           0x00000c5c   Section      484  usb_core.o(i.DataStageOut)
    DataStageOut                             0x00000c5c   ARM Code     472  usb_core.o(i.DataStageOut)
    i.Data_Setup0                            0x00000e40   Section     1388  usb_core.o(i.Data_Setup0)
    Data_Setup0                              0x00000e40   ARM Code    1356  usb_core.o(i.Data_Setup0)
    i.DefaultVector_Handler                  0x000013ac   Section       24  91x_it.o(i.DefaultVector_Handler)
    i.ENET_IRQHandler                        0x000013c4   Section       16  91x_it.o(i.ENET_IRQHandler)
    i.EP1_IN_Callback                        0x000013d4   Section       20  usb_endp.o(i.EP1_IN_Callback)
    i.EP3_OUT_Callback                       0x000013e8   Section       72  usb_endp.o(i.EP3_OUT_Callback)
    i.EXTIT0_IRQHandler                      0x00001430   Section        4  91x_it.o(i.EXTIT0_IRQHandler)
    i.EXTIT1_IRQHandler                      0x00001434   Section        4  91x_it.o(i.EXTIT1_IRQHandler)
    i.EXTIT2_IRQHandler                      0x00001438   Section        4  91x_it.o(i.EXTIT2_IRQHandler)
    i.EXTIT3_IRQHandler                      0x0000143c   Section        4  91x_it.o(i.EXTIT3_IRQHandler)
    i.Enter_LowPowerMode                     0x00001440   Section       20  hw_config.o(i.Enter_LowPowerMode)
    i.FIQ_Handler                            0x00001454   Section        4  91x_it.o(i.FIQ_Handler)
    i.FMI_Config                             0x00001458   Section      116  91x_fmi.o(i.FMI_Config)
    i.GPIO_WriteBit                          0x000014cc   Section       28  91x_gpio.o(i.GPIO_WriteBit)
    i.GetEPRxAddr                            0x000014e8   Section       48  usb_regs.o(i.GetEPRxAddr)
    i.GetEPRxCount                           0x00001518   Section       60  usb_regs.o(i.GetEPRxCount)
    i.GetEPTxAddr                            0x00001554   Section       44  usb_regs.o(i.GetEPTxAddr)
    i.GetISTR                                0x00001580   Section       20  usb_regs.o(i.GetISTR)
    i.I2C0_IRQHandler                        0x00001594   Section        4  91x_it.o(i.I2C0_IRQHandler)
    i.I2C1_IRQHandler                        0x00001598   Section        4  91x_it.o(i.I2C1_IRQHandler)
    i.In0_Process                            0x0000159c   Section      208  usb_core.o(i.In0_Process)
    i.LVD_IRQHandler                         0x0000166c   Section        4  91x_it.o(i.LVD_IRQHandler)
    i.Leave_LowPowerMode                     0x00001670   Section       56  hw_config.o(i.Leave_LowPowerMode)
    i.MC_IRQHandler                          0x000016a8   Section       16  91x_it.o(i.MC_IRQHandler)
    i.NOP_Process                            0x000016b8   Section        4  usb_core.o(i.NOP_Process)
    i.NoData_Setup0                          0x000016bc   Section      652  usb_core.o(i.NoData_Setup0)
    NoData_Setup0                            0x000016bc   ARM Code     640  usb_core.o(i.NoData_Setup0)
    i.Out0_Process                           0x00001948   Section      148  usb_core.o(i.Out0_Process)
    i.PFQBC_IRQHandler                       0x000019dc   Section        4  91x_it.o(i.PFQBC_IRQHandler)
    i.PMAToUserBufferCopy                    0x000019e0   Section       96  usb_mem.o(i.PMAToUserBufferCopy)
    i.Post0_Process                          0x00001a40   Section      120  usb_core.o(i.Post0_Process)
    i.PowerOn                                0x00001ab8   Section      100  usb_pwr.o(i.PowerOn)
    i.Prefetch_Handler                       0x00001b1c   Section        8  91x_it.o(i.Prefetch_Handler)
    i.RTC_IRQHandler                         0x00001b24   Section        4  91x_it.o(i.RTC_IRQHandler)
    i.Resume                                 0x00001b28   Section      388  usb_pwr.o(i.Resume)
    i.Resume_Init                            0x00001cac   Section       52  usb_pwr.o(i.Resume_Init)
    i.SCU_AHBPeriphClockConfig               0x00001ce0   Section       60  91x_scu.o(i.SCU_AHBPeriphClockConfig)
    i.SCU_AHBPeriphReset                     0x00001d1c   Section       60  91x_scu.o(i.SCU_AHBPeriphReset)
    i.SCU_APBPeriphReset                     0x00001d58   Section       60  91x_scu.o(i.SCU_APBPeriphReset)
    i.SCU_GetMCLKFreqValue                   0x00001d94   Section       76  91x_scu.o(i.SCU_GetMCLKFreqValue)
    i.SCU_GetPLLFreqValue                    0x00001de0   Section      100  91x_scu.o(i.SCU_GetPLLFreqValue)
    i.SCU_IRQHandler                         0x00001e44   Section       16  91x_it.o(i.SCU_IRQHandler)
    i.SCU_MCLKSourceConfig                   0x00001e54   Section       88  91x_scu.o(i.SCU_MCLKSourceConfig)
    i.SCU_PLLCmd                             0x00001eac   Section      212  91x_scu.o(i.SCU_PLLCmd)
    i.SCU_PLLFactorsConfig                   0x00001f80   Section      112  91x_scu.o(i.SCU_PLLFactorsConfig)
    i.SCU_USBCLKConfig                       0x00001ff0   Section       60  91x_scu.o(i.SCU_USBCLKConfig)
    i.SSP0_IRQHandler                        0x0000202c   Section        4  91x_it.o(i.SSP0_IRQHandler)
    i.SSP1_IRQHandler                        0x00002030   Section        4  91x_it.o(i.SSP1_IRQHandler)
    i.SWI_Handler                            0x00002034   Section        4  91x_it.o(i.SWI_Handler)
    i.SW_IRQHandler                          0x00002038   Section       16  91x_it.o(i.SW_IRQHandler)
    i.SetBTABLE                              0x00002048   Section       24  usb_regs.o(i.SetBTABLE)
    i.SetDeviceAddress                       0x00002060   Section      104  usb_core.o(i.SetDeviceAddress)
    i.SetEPRxAddr                            0x000020c8   Section       92  usb_regs.o(i.SetEPRxAddr)
    i.SetEPRxCount                           0x00002124   Section      220  usb_regs.o(i.SetEPRxCount)
    i.SetEPRxStatus                          0x00002200   Section       64  usb_regs.o(i.SetEPRxStatus)
    i.SetEPRxValid                           0x00002240   Section       48  usb_regs.o(i.SetEPRxValid)
    i.SetEPTxAddr                            0x00002270   Section       92  usb_regs.o(i.SetEPTxAddr)
    i.SetEPTxCount                           0x000022cc   Section       80  usb_regs.o(i.SetEPTxCount)
    i.SetEPTxStatus                          0x0000231c   Section       64  usb_regs.o(i.SetEPTxStatus)
    i.SetEPTxValid                           0x0000235c   Section       48  usb_regs.o(i.SetEPTxValid)
    i.SetEPType                              0x0000238c   Section       44  usb_regs.o(i.SetEPType)
    i.Set_System                             0x000023b8   Section      168  hw_config.o(i.Set_System)
    i.Setup0_Process                         0x00002460   Section      220  usb_core.o(i.Setup0_Process)
    i.Standard_ClearFeature                  0x0000253c   Section      544  usb_core.o(i.Standard_ClearFeature)
    i.Standard_GetConfiguration              0x0000275c   Section       88  usb_core.o(i.Standard_GetConfiguration)
    i.Standard_GetDescriptorData             0x000027b4   Section      112  usb_core.o(i.Standard_GetDescriptorData)
    i.Standard_GetInterface                  0x00002824   Section       92  usb_core.o(i.Standard_GetInterface)
    i.Standard_GetStatus                     0x00002880   Section      404  usb_core.o(i.Standard_GetStatus)
    i.Standard_SetConfiguration              0x00002a14   Section      152  usb_core.o(i.Standard_SetConfiguration)
    i.Standard_SetDeviceFeature              0x00002aac   Section       72  usb_core.o(i.Standard_SetDeviceFeature)
    i.Standard_SetEndPointFeature            0x00002af4   Section      304  usb_core.o(i.Standard_SetEndPointFeature)
    i.Standard_SetInterface                  0x00002c24   Section      248  usb_core.o(i.Standard_SetInterface)
    i.Suspend                                0x00002d1c   Section       64  usb_pwr.o(i.Suspend)
    i.TIM0_IRQHandler                        0x00002d5c   Section       16  91x_it.o(i.TIM0_IRQHandler)
    i.TIM1_IRQHandler                        0x00002d6c   Section       16  91x_it.o(i.TIM1_IRQHandler)
    i.TIM2_IRQHandler                        0x00002d7c   Section       16  91x_it.o(i.TIM2_IRQHandler)
    i.TIM3_IRQHandler                        0x00002d8c   Section       16  91x_it.o(i.TIM3_IRQHandler)
    i.UART0_Config                           0x00002d9c   Section      508  hw_config.o(i.UART0_Config)
    i.UART0_Config_Default                   0x00002f98   Section      124  hw_config.o(i.UART0_Config_Default)
    i.UART0_IRQHandler                       0x00003014   Section       48  91x_it.o(i.UART0_IRQHandler)
    i.UART1_IRQHandler                       0x00003044   Section        4  91x_it.o(i.UART1_IRQHandler)
    i.UART2_IRQHandler                       0x00003048   Section        4  91x_it.o(i.UART2_IRQHandler)
    i.UART_ClearITPendingBit                 0x0000304c   Section        8  91x_uart.o(i.UART_ClearITPendingBit)
    i.UART_Cmd                               0x00003054   Section       48  91x_uart.o(i.UART_Cmd)
    i.UART_DeInit                            0x00003084   Section      128  91x_uart.o(i.UART_DeInit)
    i.UART_GetITStatus                       0x00003104   Section       32  91x_uart.o(i.UART_GetITStatus)
    i.UART_ITConfig                          0x00003124   Section       40  91x_uart.o(i.UART_ITConfig)
    i.UART_Init                              0x0000314c   Section      532  91x_uart.o(i.UART_Init)
    i.UART_ReceiveData                       0x00003360   Section       16  91x_uart.o(i.UART_ReceiveData)
    i.UART_To_USB_Send_Data                  0x00003370   Section      124  hw_config.o(i.UART_To_USB_Send_Data)
    i.USBHP_IRQHandler                       0x000033ec   Section       24  91x_it.o(i.USBHP_IRQHandler)
    i.USBLP_IRQHandler                       0x00003404   Section       24  91x_it.o(i.USBLP_IRQHandler)
    i.USBWU_IRQHandler                       0x0000341c   Section        4  91x_it.o(i.USBWU_IRQHandler)
    i.USB_Cable_Config                       0x00003420   Section       60  hw_config.o(i.USB_Cable_Config)
    i.USB_Init                               0x0000345c   Section      100  usb_init.o(i.USB_Init)
    i.USB_Interrupts_Config                  0x000034c0   Section       36  hw_config.o(i.USB_Interrupts_Config)
    i.USB_Istr                               0x000034e4   Section      416  usb_istr.o(i.USB_Istr)
    i.Undefined_Handler                      0x00003684   Section        8  91x_it.o(i.Undefined_Handler)
    i.UserToPMABufferCopy                    0x0000368c   Section       80  usb_mem.o(i.UserToPMABufferCopy)
    i.VIC_Config                             0x000036dc   Section     1104  91x_vic.o(i.VIC_Config)
    i.VIC_DeInit                             0x00003b2c   Section       32  91x_vic.o(i.VIC_DeInit)
    i.VIC_ISRVectAddConfig                   0x00003b4c   Section       40  91x_vic.o(i.VIC_ISRVectAddConfig)
    VIC_ISRVectAddConfig                     0x00003b4c   ARM Code      32  91x_vic.o(i.VIC_ISRVectAddConfig)
    i.VIC_ITCmd                              0x00003b74   Section      132  91x_vic.o(i.VIC_ITCmd)
    i.VIC_ITModeConfig                       0x00003bf8   Section      132  91x_vic.o(i.VIC_ITModeConfig)
    VIC_ITModeConfig                         0x00003bf8   ARM Code     132  91x_vic.o(i.VIC_ITModeConfig)
    i.VIC_ITSourceConfig                     0x00003c7c   Section      104  91x_vic.o(i.VIC_ITSourceConfig)
    VIC_ITSourceConfig                       0x00003c7c   ARM Code      96  91x_vic.o(i.VIC_ITSourceConfig)
    i.VIC_InitDefaultVectors                 0x00003ce4   Section       28  91x_vic.o(i.VIC_InitDefaultVectors)
    i.VIC_VectEnableConfig                   0x00003d00   Section       64  91x_vic.o(i.VIC_VectEnableConfig)
    VIC_VectEnableConfig                     0x00003d00   ARM Code      56  91x_vic.o(i.VIC_VectEnableConfig)
    i.Virtual_Com_Port_Data_Setup            0x00003d40   Section      184  usb_prop.o(i.Virtual_Com_Port_Data_Setup)
    i.Virtual_Com_Port_GetConfigDescriptor   0x00003df8   Section       28  usb_prop.o(i.Virtual_Com_Port_GetConfigDescriptor)
    i.Virtual_Com_Port_GetDeviceDescriptor   0x00003e14   Section       28  usb_prop.o(i.Virtual_Com_Port_GetDeviceDescriptor)
    i.Virtual_Com_Port_GetLineCoding         0x00003e30   Section       56  usb_prop.o(i.Virtual_Com_Port_GetLineCoding)
    i.Virtual_Com_Port_GetStringDescriptor   0x00003e68   Section       68  usb_prop.o(i.Virtual_Com_Port_GetStringDescriptor)
    i.Virtual_Com_Port_Get_Interface_Setting 0x00003eac   Section       44  usb_prop.o(i.Virtual_Com_Port_Get_Interface_Setting)
    i.Virtual_Com_Port_NoData_Setup          0x00003ed8   Section       72  usb_prop.o(i.Virtual_Com_Port_NoData_Setup)
    i.Virtual_Com_Port_Reset                 0x00003f20   Section      336  usb_prop.o(i.Virtual_Com_Port_Reset)
    i.Virtual_Com_Port_SetConfiguration      0x00004070   Section       40  usb_prop.o(i.Virtual_Com_Port_SetConfiguration)
    i.Virtual_Com_Port_SetDeviceAddress      0x00004098   Section       20  usb_prop.o(i.Virtual_Com_Port_SetDeviceAddress)
    i.Virtual_Com_Port_SetLineCoding         0x000040ac   Section       56  usb_prop.o(i.Virtual_Com_Port_SetLineCoding)
    i.Virtual_Com_Port_Status_In             0x000040e4   Section       44  usb_prop.o(i.Virtual_Com_Port_Status_In)
    i.Virtual_Com_Port_Status_Out            0x00004110   Section        4  usb_prop.o(i.Virtual_Com_Port_Status_Out)
    i.Virtual_Com_Port_init                  0x00004114   Section       96  usb_prop.o(i.Virtual_Com_Port_init)
    i.WDG_IRQHandler                         0x00004174   Section       16  91x_it.o(i.WDG_IRQHandler)
    i.WIU_IRQHandler                         0x00004184   Section        4  91x_it.o(i.WIU_IRQHandler)
    i.__scatterload_copy                     0x00004188   Section       24  handlers.o(i.__scatterload_copy)
    i.__scatterload_null                     0x000041a0   Section        4  handlers.o(i.__scatterload_null)
    i.__scatterload_zeroinit                 0x000041a4   Section       24  handlers.o(i.__scatterload_zeroinit)
    i.getDataFromHostToDev                   0x000041bc   Section       12  usb_user.o(i.getDataFromHostToDev)
    i.getReceivedDataLen                     0x000041c8   Section       20  usb_user.o(i.getReceivedDataLen)
    i.main                                   0x000041dc   Section       24  main.o(i.main)
    i.receivedDataHandler                    0x000041f4   Section       32  usb_user.o(i.receivedDataHandler)
    i.sentDataFromDevToHost                  0x00004214   Section       52  usb_user.o(i.sentDataFromDevToHost)
    .constdata                               0x00004248   Section      201  usb_desc.o(.constdata)
    .data                                    0x04000000   Section        8  usb_endp.o(.data)
    .data                                    0x04000008   Section      124  usb_istr.o(.data)
    .data                                    0x04000084   Section      137  usb_prop.o(.data)
    .data                                    0x04000110   Section        7  usb_pwr.o(.data)
    .data                                    0x04000117   Section        3  usb_core.o(.data)
    .data                                    0x0400011c   Section       20  usb_init.o(.data)
    .data                                    0x04000130   Section        4  usb_int.o(.data)
    .bss                                     0x04000134   Section       20  hw_config.o(.bss)
    .bss                                     0x04000148   Section      128  usb_endp.o(.bss)
    .bss                                     0x040001c8   Section       23  usb_init.o(.bss)
    STACK                                    0x040001e0   Section     1320  91x_init.o(STACK)
    Stack_Top                                0x04000708   Number         0  91x_init.o(STACK)

    Global Symbols

    Symbol Name                              Value     Ov Type        Size  Object(Section)

    BuildAttributes$$THM_ISAv2$ARM_ISAv5$M$E$P$S$PE$A:L22$X:L11$S22$IEEE1$IW$~IW$USESV6$~STKCKD$USESV7$~SHL$OSPACE$EBA8$MICROLIB$REQ8$PRES8$EABIv2 0x00000000   Number         0  anon$$obj.o ABSOLUTE
    Vectors                                  0x00000000   ARM Code       0  91x_vect.o(Reset)
    __ARM_use_no_argv                        0x00000000   Number         0  main.o ABSOLUTE
    __main                                   0x000000ec   ARM Code       8  entry.o($$startup$$)
    __call_main                              0x000000f9   Thumb Code     2  init.o(.emb_text)
    __aeabi_uidiv                            0x000000fb   Thumb Code     0  uidiv.o(.text)
    __aeabi_uidivmod                         0x000000fb   Thumb Code    38  uidiv.o(.text)
    __aeabi_idiv                             0x00000121   Thumb Code     0  idiv.o(.text)
    __aeabi_idivmod                          0x00000121   Thumb Code    40  idiv.o(.text)
    __aeabi_ldivmod                          0x00000149   Thumb Code   122  ldiv.o(.text)
    __aeabi_uread4                           0x000001c3   Thumb Code    18  uread4.o(.text)
    __rt_uread4                              0x000001c3   Thumb Code     0  uread4.o(.text)
    _uread4                                  0x000001c3   Thumb Code     0  uread4.o(.text)
    __aeabi_uwrite4                          0x000001d5   Thumb Code    18  uwrite4.o(.text)
    __rt_uwrite4                             0x000001d5   Thumb Code     0  uwrite4.o(.text)
    _uwrite4                                 0x000001d5   Thumb Code     0  uwrite4.o(.text)
    __init                                   0x000001e9   Thumb Code    24  init.o(.text)
    __scatterload_rt2                        0x000001e9   Thumb Code     0  init.o(.text)
    __aeabi_uldivmod                         0x0000020d   Thumb Code    88  uldiv.o(.text)
    __aeabi_llsl                             0x00000265   Thumb Code    34  llshl.o(.text)
    _ll_shift_l                              0x00000265   Thumb Code     0  llshl.o(.text)
    __aeabi_llsr                             0x00000287   Thumb Code    32  llushr.o(.text)
    _ll_ushift_r                             0x00000287   Thumb Code     0  llushr.o(.text)
    __decompress                             0x000002a8   ARM Code       0  __dczerorl2.o(.text)
    __decompress1                            0x000002a8   ARM Code     112  __dczerorl2.o(.text)
    Reset_Handler                            0x00000318   ARM Code       0  91x_init.o(Init)
    ADC_IRQHandler                           0x000003f0   ARM Code      16  91x_it.o(i.ADC_IRQHandler)
    ARMRX_IRQHandler                         0x00000400   ARM Code      16  91x_it.o(i.ARMRX_IRQHandler)
    ARMTX_IRQHandler                         0x00000410   ARM Code      16  91x_it.o(i.ARMTX_IRQHandler)
    Abort_Handler                            0x00000420   ARM Code       8  91x_it.o(i.Abort_Handler)
    ByteSwap                                 0x00000428   ARM Code      20  usb_regs.o(i.ByteSwap)
    CAN_IRQHandler                           0x0000043c   ARM Code      16  91x_it.o(i.CAN_IRQHandler)
    CTR_HP                                   0x0000044c   ARM Code     272  usb_int.o(i.CTR_HP)
    CTR_LP                                   0x00000578   ARM Code    1088  usb_int.o(i.CTR_LP)
    ClearDTOG_RX                             0x000009e4   ARM Code      60  usb_regs.o(i.ClearDTOG_RX)
    ClearDTOG_TX                             0x00000a24   ARM Code      60  usb_regs.o(i.ClearDTOG_TX)
    Clear_Status_Out                         0x00000a64   ARM Code      36  usb_regs.o(i.Clear_Status_Out)
    DMA_IRQHandler                           0x00000a8c   ARM Code      16  91x_it.o(i.DMA_IRQHandler)
    DefaultVector_Handler                    0x000013ac   ARM Code      24  91x_it.o(i.DefaultVector_Handler)
    ENET_IRQHandler                          0x000013c4   ARM Code      16  91x_it.o(i.ENET_IRQHandler)
    EP1_IN_Callback                          0x000013d4   ARM Code      16  usb_endp.o(i.EP1_IN_Callback)
    EP3_OUT_Callback                         0x000013e8   ARM Code      64  usb_endp.o(i.EP3_OUT_Callback)
    EXTIT0_IRQHandler                        0x00001430   ARM Code       4  91x_it.o(i.EXTIT0_IRQHandler)
    EXTIT1_IRQHandler                        0x00001434   ARM Code       4  91x_it.o(i.EXTIT1_IRQHandler)
    EXTIT2_IRQHandler                        0x00001438   ARM Code       4  91x_it.o(i.EXTIT2_IRQHandler)
    EXTIT3_IRQHandler                        0x0000143c   ARM Code       4  91x_it.o(i.EXTIT3_IRQHandler)
    Enter_LowPowerMode                       0x00001440   ARM Code      16  hw_config.o(i.Enter_LowPowerMode)
    FIQ_Handler                              0x00001454   ARM Code       4  91x_it.o(i.FIQ_Handler)
    FMI_Config                               0x00001458   ARM Code     116  91x_fmi.o(i.FMI_Config)
    GPIO_WriteBit                            0x000014cc   ARM Code      28  91x_gpio.o(i.GPIO_WriteBit)
    GetEPRxAddr                              0x000014e8   ARM Code      44  usb_regs.o(i.GetEPRxAddr)
    GetEPRxCount                             0x00001518   ARM Code      52  usb_regs.o(i.GetEPRxCount)
    GetEPTxAddr                              0x00001554   ARM Code      44  usb_regs.o(i.GetEPTxAddr)
    GetISTR                                  0x00001580   ARM Code      20  usb_regs.o(i.GetISTR)
    I2C0_IRQHandler                          0x00001594   ARM Code       4  91x_it.o(i.I2C0_IRQHandler)
    I2C1_IRQHandler                          0x00001598   ARM Code       4  91x_it.o(i.I2C1_IRQHandler)
    In0_Process                              0x0000159c   ARM Code     196  usb_core.o(i.In0_Process)
    LVD_IRQHandler                           0x0000166c   ARM Code       4  91x_it.o(i.LVD_IRQHandler)
    Leave_LowPowerMode                       0x00001670   ARM Code      48  hw_config.o(i.Leave_LowPowerMode)
    MC_IRQHandler                            0x000016a8   ARM Code      16  91x_it.o(i.MC_IRQHandler)
    NOP_Process                              0x000016b8   ARM Code       4  usb_core.o(i.NOP_Process)
    Out0_Process                             0x00001948   ARM Code     140  usb_core.o(i.Out0_Process)
    PFQBC_IRQHandler                         0x000019dc   ARM Code       4  91x_it.o(i.PFQBC_IRQHandler)
    PMAToUserBufferCopy                      0x000019e0   ARM Code      96  usb_mem.o(i.PMAToUserBufferCopy)
    Post0_Process                            0x00001a40   ARM Code     104  usb_core.o(i.Post0_Process)
    PowerOn                                  0x00001ab8   ARM Code      96  usb_pwr.o(i.PowerOn)
    Prefetch_Handler                         0x00001b1c   ARM Code       8  91x_it.o(i.Prefetch_Handler)
    RTC_IRQHandler                           0x00001b24   ARM Code       4  91x_it.o(i.RTC_IRQHandler)
    Resume                                   0x00001b28   ARM Code     384  usb_pwr.o(i.Resume)
    Resume_Init                              0x00001cac   ARM Code      52  usb_pwr.o(i.Resume_Init)
    SCU_AHBPeriphClockConfig                 0x00001ce0   ARM Code      56  91x_scu.o(i.SCU_AHBPeriphClockConfig)
    SCU_AHBPeriphReset                       0x00001d1c   ARM Code      56  91x_scu.o(i.SCU_AHBPeriphReset)
    SCU_APBPeriphReset                       0x00001d58   ARM Code      56  91x_scu.o(i.SCU_APBPeriphReset)
    SCU_GetMCLKFreqValue                     0x00001d94   ARM Code      68  91x_scu.o(i.SCU_GetMCLKFreqValue)
    SCU_GetPLLFreqValue                      0x00001de0   ARM Code      92  91x_scu.o(i.SCU_GetPLLFreqValue)
    SCU_IRQHandler                           0x00001e44   ARM Code      16  91x_it.o(i.SCU_IRQHandler)
    SCU_MCLKSourceConfig                     0x00001e54   ARM Code      84  91x_scu.o(i.SCU_MCLKSourceConfig)
    SCU_PLLCmd                               0x00001eac   ARM Code     208  91x_scu.o(i.SCU_PLLCmd)
    SCU_PLLFactorsConfig                     0x00001f80   ARM Code     108  91x_scu.o(i.SCU_PLLFactorsConfig)
    SCU_USBCLKConfig                         0x00001ff0   ARM Code      56  91x_scu.o(i.SCU_USBCLKConfig)
    SSP0_IRQHandler                          0x0000202c   ARM Code       4  91x_it.o(i.SSP0_IRQHandler)
    SSP1_IRQHandler                          0x00002030   ARM Code       4  91x_it.o(i.SSP1_IRQHandler)
    SWI_Handler                              0x00002034   ARM Code       4  91x_it.o(i.SWI_Handler)
    SW_IRQHandler                            0x00002038   ARM Code      16  91x_it.o(i.SW_IRQHandler)
    SetBTABLE                                0x00002048   ARM Code      20  usb_regs.o(i.SetBTABLE)
    SetDeviceAddress                         0x00002060   ARM Code      96  usb_core.o(i.SetDeviceAddress)
    SetEPRxAddr                              0x000020c8   ARM Code      88  usb_regs.o(i.SetEPRxAddr)
    SetEPRxCount                             0x00002124   ARM Code     220  usb_regs.o(i.SetEPRxCount)
    SetEPRxStatus                            0x00002200   ARM Code      60  usb_regs.o(i.SetEPRxStatus)
    SetEPRxValid                             0x00002240   ARM Code      44  usb_regs.o(i.SetEPRxValid)
    SetEPTxAddr                              0x00002270   ARM Code      88  usb_regs.o(i.SetEPTxAddr)
    SetEPTxCount                             0x000022cc   ARM Code      80  usb_regs.o(i.SetEPTxCount)
    SetEPTxStatus                            0x0000231c   ARM Code      60  usb_regs.o(i.SetEPTxStatus)
    SetEPTxValid                             0x0000235c   ARM Code      44  usb_regs.o(i.SetEPTxValid)
    SetEPType                                0x0000238c   ARM Code      40  usb_regs.o(i.SetEPType)
    Set_System                               0x000023b8   ARM Code     164  hw_config.o(i.Set_System)
    Setup0_Process                           0x00002460   ARM Code     216  usb_core.o(i.Setup0_Process)
    Standard_ClearFeature                    0x0000253c   ARM Code     524  usb_core.o(i.Standard_ClearFeature)
    Standard_GetConfiguration                0x0000275c   ARM Code      80  usb_core.o(i.Standard_GetConfiguration)
    Standard_GetDescriptorData               0x000027b4   ARM Code     108  usb_core.o(i.Standard_GetDescriptorData)
    Standard_GetInterface                    0x00002824   ARM Code      84  usb_core.o(i.Standard_GetInterface)
    Standard_GetStatus                       0x00002880   ARM Code     392  usb_core.o(i.Standard_GetStatus)
    Standard_SetConfiguration                0x00002a14   ARM Code     140  usb_core.o(i.Standard_SetConfiguration)
    Standard_SetDeviceFeature                0x00002aac   ARM Code      64  usb_core.o(i.Standard_SetDeviceFeature)
    Standard_SetEndPointFeature              0x00002af4   ARM Code     284  usb_core.o(i.Standard_SetEndPointFeature)
    Standard_SetInterface                    0x00002c24   ARM Code     236  usb_core.o(i.Standard_SetInterface)
    Suspend                                  0x00002d1c   ARM Code      64  usb_pwr.o(i.Suspend)
    TIM0_IRQHandler                          0x00002d5c   ARM Code      16  91x_it.o(i.TIM0_IRQHandler)
    TIM1_IRQHandler                          0x00002d6c   ARM Code      16  91x_it.o(i.TIM1_IRQHandler)
    TIM2_IRQHandler                          0x00002d7c   ARM Code      16  91x_it.o(i.TIM2_IRQHandler)
    TIM3_IRQHandler                          0x00002d8c   ARM Code      16  91x_it.o(i.TIM3_IRQHandler)
    UART0_Config                             0x00002d9c   ARM Code     492  hw_config.o(i.UART0_Config)
    UART0_Config_Default                     0x00002f98   ARM Code     112  hw_config.o(i.UART0_Config_Default)
    UART0_IRQHandler                         0x00003014   ARM Code      44  91x_it.o(i.UART0_IRQHandler)
    UART1_IRQHandler                         0x00003044   ARM Code       4  91x_it.o(i.UART1_IRQHandler)
    UART2_IRQHandler                         0x00003048   ARM Code       4  91x_it.o(i.UART2_IRQHandler)
    UART_ClearITPendingBit                   0x0000304c   ARM Code       8  91x_uart.o(i.UART_ClearITPendingBit)
    UART_Cmd                                 0x00003054   ARM Code      44  91x_uart.o(i.UART_Cmd)
    UART_DeInit                              0x00003084   ARM Code     128  91x_uart.o(i.UART_DeInit)
    UART_GetITStatus                         0x00003104   ARM Code      32  91x_uart.o(i.UART_GetITStatus)
    UART_ITConfig                            0x00003124   ARM Code      40  91x_uart.o(i.UART_ITConfig)
    UART_Init                                0x0000314c   ARM Code     488  91x_uart.o(i.UART_Init)
    UART_ReceiveData                         0x00003360   ARM Code      16  91x_uart.o(i.UART_ReceiveData)
    UART_To_USB_Send_Data                    0x00003370   ARM Code     112  hw_config.o(i.UART_To_USB_Send_Data)
    USBHP_IRQHandler                         0x000033ec   ARM Code      24  91x_it.o(i.USBHP_IRQHandler)
    USBLP_IRQHandler                         0x00003404   ARM Code      24  91x_it.o(i.USBLP_IRQHandler)
    USBWU_IRQHandler                         0x0000341c   ARM Code       4  91x_it.o(i.USBWU_IRQHandler)
    USB_Cable_Config                         0x00003420   ARM Code      56  hw_config.o(i.USB_Cable_Config)
    USB_Init                                 0x0000345c   ARM Code      76  usb_init.o(i.USB_Init)
    USB_Interrupts_Config                    0x000034c0   ARM Code      36  hw_config.o(i.USB_Interrupts_Config)
    USB_Istr                                 0x000034e4   ARM Code     372  usb_istr.o(i.USB_Istr)
    Undefined_Handler                        0x00003684   ARM Code       8  91x_it.o(i.Undefined_Handler)
    UserToPMABufferCopy                      0x0000368c   ARM Code      80  usb_mem.o(i.UserToPMABufferCopy)
    VIC_Config                               0x000036dc   ARM Code     976  91x_vic.o(i.VIC_Config)
    VIC_DeInit                               0x00003b2c   ARM Code      32  91x_vic.o(i.VIC_DeInit)
    VIC_ITCmd                                0x00003b74   ARM Code     132  91x_vic.o(i.VIC_ITCmd)
    VIC_InitDefaultVectors                   0x00003ce4   ARM Code      24  91x_vic.o(i.VIC_InitDefaultVectors)
    Virtual_Com_Port_Data_Setup              0x00003d40   ARM Code     168  usb_prop.o(i.Virtual_Com_Port_Data_Setup)
    Virtual_Com_Port_GetConfigDescriptor     0x00003df8   ARM Code      24  usb_prop.o(i.Virtual_Com_Port_GetConfigDescriptor)
    Virtual_Com_Port_GetDeviceDescriptor     0x00003e14   ARM Code      24  usb_prop.o(i.Virtual_Com_Port_GetDeviceDescriptor)
    Virtual_Com_Port_GetLineCoding           0x00003e30   ARM Code      48  usb_prop.o(i.Virtual_Com_Port_GetLineCoding)
    Virtual_Com_Port_GetStringDescriptor     0x00003e68   ARM Code      60  usb_prop.o(i.Virtual_Com_Port_GetStringDescriptor)
    Virtual_Com_Port_Get_Interface_Setting   0x00003eac   ARM Code      44  usb_prop.o(i.Virtual_Com_Port_Get_Interface_Setting)
    Virtual_Com_Port_NoData_Setup            0x00003ed8   ARM Code      68  usb_prop.o(i.Virtual_Com_Port_NoData_Setup)
    Virtual_Com_Port_Reset                   0x00003f20   ARM Code     320  usb_prop.o(i.Virtual_Com_Port_Reset)
    Virtual_Com_Port_SetConfiguration        0x00004070   ARM Code      32  usb_prop.o(i.Virtual_Com_Port_SetConfiguration)
    Virtual_Com_Port_SetDeviceAddress        0x00004098   ARM Code      16  usb_prop.o(i.Virtual_Com_Port_SetDeviceAddress)
    Virtual_Com_Port_SetLineCoding           0x000040ac   ARM Code      48  usb_prop.o(i.Virtual_Com_Port_SetLineCoding)
    Virtual_Com_Port_Status_In               0x000040e4   ARM Code      40  usb_prop.o(i.Virtual_Com_Port_Status_In)
    Virtual_Com_Port_Status_Out              0x00004110   ARM Code       4  usb_prop.o(i.Virtual_Com_Port_Status_Out)
    Virtual_Com_Port_init                    0x00004114   ARM Code      84  usb_prop.o(i.Virtual_Com_Port_init)
    WDG_IRQHandler                           0x00004174   ARM Code      16  91x_it.o(i.WDG_IRQHandler)
    WIU_IRQHandler                           0x00004184   ARM Code       4  91x_it.o(i.WIU_IRQHandler)
    __scatterload_copy                       0x00004188   ARM Code      24  handlers.o(i.__scatterload_copy)
    __scatterload_null                       0x000041a0   ARM Code       4  handlers.o(i.__scatterload_null)
    __scatterload_zeroinit                   0x000041a4   ARM Code      24  handlers.o(i.__scatterload_zeroinit)
    getDataFromHostToDev                     0x000041bc   ARM Code       8  usb_user.o(i.getDataFromHostToDev)
    getReceivedDataLen                       0x000041c8   ARM Code      16  usb_user.o(i.getReceivedDataLen)
    main                                     0x000041dc   ARM Code      24  main.o(i.main)
    receivedDataHandler                      0x000041f4   ARM Code      32  usb_user.o(i.receivedDataHandler)
    sentDataFromDevToHost                    0x00004214   ARM Code      52  usb_user.o(i.sentDataFromDevToHost)
    Virtual_Com_Port_DeviceDescriptor        0x00004248   Data          18  usb_desc.o(.constdata)
    Virtual_Com_Port_ConfigDescriptor        0x0000425a   Data          67  usb_desc.o(.constdata)
    Virtual_Com_Port_StringLangID            0x0000429d   Data           4  usb_desc.o(.constdata)
    Virtual_Com_Port_StringVendor            0x000042a1   Data          38  usb_desc.o(.constdata)
    Virtual_Com_Port_StringProduct           0x000042c7   Data          52  usb_desc.o(.constdata)
    Virtual_Com_Port_StringSerial            0x000042fb   Data          22  usb_desc.o(.constdata)
    Region$$Table$$Base                      0x00004314   Number         0  anon$$obj.o(Region$$Table)
    Region$$Table$$Limit                     0x00004334   Number         0  anon$$obj.o(Region$$Table)
    count_out                                0x04000000   Data           4  usb_endp.o(.data)
    count_in                                 0x04000004   Data           4  usb_endp.o(.data)
    pEpInt_IN                                0x04000008   Data          60  usb_istr.o(.data)
    pEpInt_OUT                               0x04000044   Data          60  usb_istr.o(.data)
    valTest                                  0x04000080   Data           2  usb_istr.o(.data)
    wIstr                                    0x04000082   Data           2  usb_istr.o(.data)
    Request                                  0x04000084   Data           4  usb_prop.o(.data)
    linecoding                               0x04000088   Data           8  usb_prop.o(.data)
    Device_Table                             0x04000090   Data           2  usb_prop.o(.data)
    Device_Property                          0x04000092   Data          45  usb_prop.o(.data)
    User_Standard_Requests                   0x040000bf   Data          36  usb_prop.o(.data)
    Device_Descriptor                        0x040000e3   Data           6  usb_prop.o(.data)
    Config_Descriptor                        0x040000e9   Data           6  usb_prop.o(.data)
    String_Descriptor                        0x040000ef   Data          30  usb_prop.o(.data)
    bDeviceState                             0x04000110   Data           4  usb_pwr.o(.data)
    fSuspendEnabled                          0x04000114   Data           1  usb_pwr.o(.data)
    ResumeS                                  0x04000115   Data           2  usb_pwr.o(.data)
    Data_Mul_MaxPacketSize                   0x04000117   Data           1  usb_core.o(.data)
    StatusInfo                               0x04000118   Data           2  usb_core.o(.data)
    val                                      0x0400011c   Data           1  usb_init.o(.data)
    EPindex                                  0x0400011d   Data           1  usb_init.o(.data)
    pInformation                             0x04000120   Data           4  usb_init.o(.data)
    pProperty                                0x04000124   Data           4  usb_init.o(.data)
    SaveState                                0x04000128   Data           2  usb_init.o(.data)
    wInterrupt_Mask                          0x0400012a   Data           2  usb_init.o(.data)
    pUser_Standard_Requests                  0x0400012c   Data           4  usb_init.o(.data)
    SaveRState                               0x04000130   Data           2  usb_int.o(.data)
    SaveTState                               0x04000132   Data           2  usb_int.o(.data)
    UART_InitStructure                       0x04000134   Data          20  hw_config.o(.bss)
    buffer_out                               0x04000148   Data          64  usb_endp.o(.bss)
    buffer_in                                0x04000188   Data          64  usb_endp.o(.bss)
    Device_Info                              0x040001c8   Data          23  usb_init.o(.bss)
    __initial_sp                             0x040005e0   Data         296  91x_init.o(STACK)


================================================================================

Memory Map of the image

  Image Entry point : 0x00000000

  Load Region LR_1 (Base: 0x00000000, Size: 0x00004468, Max: 0xffffffff, ABSOLUTE, COMPRESSED[0x00004398])

    Execution Region ER_RO (Base: 0x00000000, Size: 0x00004334, Max: 0xffffffff, ABSOLUTE)

    Base Addr    Size         Type   Attr      Idx    E Section Name        Object

    0x00000000   0x000000ec   Code   RO          727  * Reset               91x_vect.o
    0x000000ec   0x0000000c   Code   RO         2279  * $$startup$$         entry.o(mc_5.l)
    0x000000f8   0x00000002   Code   RO         2294    .emb_text           init.o(mc_5.l)
    0x000000fa   0x00000026   Code   RO         2283    .text               uidiv.o(mc_5.l)
    0x00000120   0x00000028   Code   RO         2285    .text               idiv.o(mc_5.l)
    0x00000148   0x0000007a   Code   RO         2287    .text               ldiv.o(mc_5.l)
    0x000001c2   0x00000012   Code   RO         2289    .text               uread4.o(mc_5.l)
    0x000001d4   0x00000012   Code   RO         2291    .text               uwrite4.o(mc_5.l)
    0x000001e6   0x00000002   PAD
    0x000001e8   0x00000024   Code   RO         2293    .text               init.o(mc_5.l)
    0x0000020c   0x00000058   Code   RO         2297    .text               uldiv.o(mc_5.l)
    0x00000264   0x00000022   Code   RO         2299    .text               llshl.o(mc_5.l)
    0x00000286   0x00000020   Code   RO         2301    .text               llushr.o(mc_5.l)
    0x000002a6   0x00000002   PAD
    0x000002a8   0x00000070   Code   RO         2310    .text               __dczerorl2.o(mc_5.l)
    0x00000318   0x000000d8   Code   RO          733    Init                91x_init.o
    0x000003f0   0x00000010   Code   RO           21    i.ADC_IRQHandler    91x_it.o
    0x00000400   0x00000010   Code   RO            8    i.ARMRX_IRQHandler  91x_it.o
    0x00000410   0x00000010   Code   RO            9    i.ARMTX_IRQHandler  91x_it.o
    0x00000420   0x00000008   Code   RO            4    i.Abort_Handler     91x_it.o
    0x00000428   0x00000014   Code   RO         1797    i.ByteSwap          usb_regs.o
    0x0000043c   0x00000010   Code   RO           19    i.CAN_IRQHandler    91x_it.o
    0x0000044c   0x0000012c   Code   RO         1689    i.CTR_HP            usb_int.o
    0x00000578   0x0000046c   Code   RO         1688    i.CTR_LP            usb_int.o
    0x000009e4   0x00000040   Code   RO         1773    i.ClearDTOG_RX      usb_regs.o
    0x00000a24   0x00000040   Code   RO         1774    i.ClearDTOG_TX      usb_regs.o
    0x00000a64   0x00000028   Code   RO         1763    i.Clear_Status_Out  usb_regs.o
    0x00000a8c   0x00000010   Code   RO           18    i.DMA_IRQHandler    91x_it.o
    0x00000a9c   0x000001c0   Code   RO         1534    i.DataStageIn       usb_core.o
    0x00000c5c   0x000001e4   Code   RO         1533    i.DataStageOut      usb_core.o
    0x00000e40   0x0000056c   Code   RO         1536    i.Data_Setup0       usb_core.o
    0x000013ac   0x00000018   Code   RO           38    i.DefaultVector_Handler  91x_it.o
    0x000013c4   0x00000010   Code   RO           17    i.ENET_IRQHandler   91x_it.o
    0x000013d4   0x00000014   Code   RO          466    i.EP1_IN_Callback   usb_endp.o
    0x000013e8   0x00000048   Code   RO          465    i.EP3_OUT_Callback  usb_endp.o
    0x00001430   0x00000004   Code   RO           32    i.EXTIT0_IRQHandler  91x_it.o
    0x00001434   0x00000004   Code   RO           33    i.EXTIT1_IRQHandler  91x_it.o
    0x00001438   0x00000004   Code   RO           34    i.EXTIT2_IRQHandler  91x_it.o
    0x0000143c   0x00000004   Code   RO           35    i.EXTIT3_IRQHandler  91x_it.o
    0x00001440   0x00000014   Code   RO          351    i.Enter_LowPowerMode  hw_config.o
    0x00001454   0x00000004   Code   RO            5    i.FIQ_Handler       91x_it.o
    0x00001458   0x00000074   Code   RO          892    i.FMI_Config        91x_fmi.o
    0x000014cc   0x0000001c   Code   RO         1022    i.GPIO_WriteBit     91x_gpio.o
    0x000014e8   0x00000030   Code   RO         1780    i.GetEPRxAddr       usb_regs.o
    0x00001518   0x0000003c   Code   RO         1784    i.GetEPRxCount      usb_regs.o
    0x00001554   0x0000002c   Code   RO         1779    i.GetEPTxAddr       usb_regs.o
    0x00001580   0x00000014   Code   RO         1744    i.GetISTR           usb_regs.o
    0x00001594   0x00000004   Code   RO           25    i.I2C0_IRQHandler   91x_it.o
    0x00001598   0x00000004   Code   RO           26    i.I2C1_IRQHandler   91x_it.o
    0x0000159c   0x000000d0   Code   RO         1540    i.In0_Process       usb_core.o
    0x0000166c   0x00000004   Code   RO           29    i.LVD_IRQHandler    91x_it.o
    0x00001670   0x00000038   Code   RO          352    i.Leave_LowPowerMode  hw_config.o
    0x000016a8   0x00000010   Code   RO           20    i.MC_IRQHandler     91x_it.o
    0x000016b8   0x00000004   Code   RO         1542    i.NOP_Process       usb_core.o
    0x000016bc   0x0000028c   Code   RO         1535    i.NoData_Setup0     usb_core.o
    0x00001948   0x00000094   Code   RO         1541    i.Out0_Process      usb_core.o
    0x000019dc   0x00000004   Code   RO           37    i.PFQBC_IRQHandler  91x_it.o
    0x000019e0   0x00000060   Code   RO         1722    i.PMAToUserBufferCopy  usb_mem.o
    0x00001a40   0x00000078   Code   RO         1537    i.Post0_Process     usb_core.o
    0x00001ab8   0x00000064   Code   RO          637    i.PowerOn           usb_pwr.o
    0x00001b1c   0x00000008   Code   RO            3    i.Prefetch_Handler  91x_it.o
    0x00001b24   0x00000004   Code   RO           30    i.RTC_IRQHandler    91x_it.o
    0x00001b28   0x00000184   Code   RO          641    i.Resume            usb_pwr.o
    0x00001cac   0x00000034   Code   RO          640    i.Resume_Init       usb_pwr.o
    0x00001ce0   0x0000003c   Code   RO         1113    i.SCU_AHBPeriphClockConfig  91x_scu.o
    0x00001d1c   0x0000003c   Code   RO         1115    i.SCU_AHBPeriphReset  91x_scu.o
    0x00001d58   0x0000003c   Code   RO         1114    i.SCU_APBPeriphReset  91x_scu.o
    0x00001d94   0x0000004c   Code   RO         1132    i.SCU_GetMCLKFreqValue  91x_scu.o
    0x00001de0   0x00000064   Code   RO         1131    i.SCU_GetPLLFreqValue  91x_scu.o
    0x00001e44   0x00000010   Code   RO           16    i.SCU_IRQHandler    91x_it.o
    0x00001e54   0x00000058   Code   RO         1106    i.SCU_MCLKSourceConfig  91x_scu.o
    0x00001eac   0x000000d4   Code   RO         1107    i.SCU_PLLCmd        91x_scu.o
    0x00001f80   0x00000070   Code   RO         1108    i.SCU_PLLFactorsConfig  91x_scu.o
    0x00001ff0   0x0000003c   Code   RO         1122    i.SCU_USBCLKConfig  91x_scu.o
    0x0000202c   0x00000004   Code   RO           27    i.SSP0_IRQHandler   91x_it.o
    0x00002030   0x00000004   Code   RO           28    i.SSP1_IRQHandler   91x_it.o
    0x00002034   0x00000004   Code   RO            2    i.SWI_Handler       91x_it.o
    0x00002038   0x00000010   Code   RO            7    i.SW_IRQHandler     91x_it.o
    0x00002048   0x00000018   Code   RO         1748    i.SetBTABLE         usb_regs.o
    0x00002060   0x00000068   Code   RO         1539    i.SetDeviceAddress  usb_core.o
    0x000020c8   0x0000005c   Code   RO         1778    i.SetEPRxAddr       usb_regs.o
    0x00002124   0x000000dc   Code   RO         1782    i.SetEPRxCount      usb_regs.o
    0x00002200   0x00000040   Code   RO         1755    i.SetEPRxStatus     usb_regs.o
    0x00002240   0x00000030   Code   RO         1760    i.SetEPRxValid      usb_regs.o
    0x00002270   0x0000005c   Code   RO         1777    i.SetEPTxAddr       usb_regs.o
    0x000022cc   0x00000050   Code   RO         1781    i.SetEPTxCount      usb_regs.o
    0x0000231c   0x00000040   Code   RO         1754    i.SetEPTxStatus     usb_regs.o
    0x0000235c   0x00000030   Code   RO         1759    i.SetEPTxValid      usb_regs.o
    0x0000238c   0x0000002c   Code   RO         1752    i.SetEPType         usb_regs.o
    0x000023b8   0x000000a8   Code   RO          349    i.Set_System        hw_config.o
    0x00002460   0x000000dc   Code   RO         1538    i.Setup0_Process    usb_core.o
    0x0000253c   0x00000220   Code   RO         1529    i.Standard_ClearFeature  usb_core.o
    0x0000275c   0x00000058   Code   RO         1524    i.Standard_GetConfiguration  usb_core.o
    0x000027b4   0x00000070   Code   RO         1532    i.Standard_GetDescriptorData  usb_core.o
    0x00002824   0x0000005c   Code   RO         1526    i.Standard_GetInterface  usb_core.o
    0x00002880   0x00000194   Code   RO         1528    i.Standard_GetStatus  usb_core.o
    0x00002a14   0x00000098   Code   RO         1525    i.Standard_SetConfiguration  usb_core.o
    0x00002aac   0x00000048   Code   RO         1531    i.Standard_SetDeviceFeature  usb_core.o
    0x00002af4   0x00000130   Code   RO         1530    i.Standard_SetEndPointFeature  usb_core.o
    0x00002c24   0x000000f8   Code   RO         1527    i.Standard_SetInterface  usb_core.o
    0x00002d1c   0x00000040   Code   RO          639    i.Suspend           usb_pwr.o
    0x00002d5c   0x00000010   Code   RO           10    i.TIM0_IRQHandler   91x_it.o
    0x00002d6c   0x00000010   Code   RO           11    i.TIM1_IRQHandler   91x_it.o
    0x00002d7c   0x00000010   Code   RO           12    i.TIM2_IRQHandler   91x_it.o
    0x00002d8c   0x00000010   Code   RO           13    i.TIM3_IRQHandler   91x_it.o
    0x00002d9c   0x000001fc   Code   RO          355    i.UART0_Config      hw_config.o
    0x00002f98   0x0000007c   Code   RO          354    i.UART0_Config_Default  hw_config.o
    0x00003014   0x00000030   Code   RO           22    i.UART0_IRQHandler  91x_it.o
    0x00003044   0x00000004   Code   RO           23    i.UART1_IRQHandler  91x_it.o
    0x00003048   0x00000004   Code   RO           24    i.UART2_IRQHandler  91x_it.o
    0x0000304c   0x00000008   Code   RO         1389    i.UART_ClearITPendingBit  91x_uart.o
    0x00003054   0x00000030   Code   RO         1381    i.UART_Cmd          91x_uart.o
    0x00003084   0x00000080   Code   RO         1378    i.UART_DeInit       91x_uart.o
    0x00003104   0x00000020   Code   RO         1388    i.UART_GetITStatus  91x_uart.o
    0x00003124   0x00000028   Code   RO         1382    i.UART_ITConfig     91x_uart.o
    0x0000314c   0x00000214   Code   RO         1379    i.UART_Init         91x_uart.o
    0x00003360   0x00000010   Code   RO         1394    i.UART_ReceiveData  91x_uart.o
    0x00003370   0x0000007c   Code   RO          357    i.UART_To_USB_Send_Data  hw_config.o
    0x000033ec   0x00000018   Code   RO           14    i.USBHP_IRQHandler  91x_it.o
    0x00003404   0x00000018   Code   RO           15    i.USBLP_IRQHandler  91x_it.o
    0x0000341c   0x00000004   Code   RO           36    i.USBWU_IRQHandler  91x_it.o
    0x00003420   0x0000003c   Code   RO          350    i.USB_Cable_Config  hw_config.o
    0x0000345c   0x00000064   Code   RO         1663    i.USB_Init          usb_init.o
    0x000034c0   0x00000024   Code   RO          353    i.USB_Interrupts_Config  hw_config.o
    0x000034e4   0x000001a0   Code   RO          494    i.USB_Istr          usb_istr.o
    0x00003684   0x00000008   Code   RO            1    i.Undefined_Handler  91x_it.o
    0x0000368c   0x00000050   Code   RO         1721    i.UserToPMABufferCopy  usb_mem.o
    0x000036dc   0x00000450   Code   RO          750    i.VIC_Config        91x_vic.o
    0x00003b2c   0x00000020   Code   RO          736    i.VIC_DeInit        91x_vic.o
    0x00003b4c   0x00000028   Code   RO          746    i.VIC_ISRVectAddConfig  91x_vic.o
    0x00003b74   0x00000084   Code   RO          742    i.VIC_ITCmd         91x_vic.o
    0x00003bf8   0x00000084   Code   RO          741    i.VIC_ITModeConfig  91x_vic.o
    0x00003c7c   0x00000068   Code   RO          749    i.VIC_ITSourceConfig  91x_vic.o
    0x00003ce4   0x0000001c   Code   RO          737    i.VIC_InitDefaultVectors  91x_vic.o
    0x00003d00   0x00000040   Code   RO          748    i.VIC_VectEnableConfig  91x_vic.o
    0x00003d40   0x000000b8   Code   RO          522    i.Virtual_Com_Port_Data_Setup  usb_prop.o
    0x00003df8   0x0000001c   Code   RO          525    i.Virtual_Com_Port_GetConfigDescriptor  usb_prop.o
    0x00003e14   0x0000001c   Code   RO          524    i.Virtual_Com_Port_GetDeviceDescriptor  usb_prop.o
    0x00003e30   0x00000038   Code   RO          521    i.Virtual_Com_Port_GetLineCoding  usb_prop.o
    0x00003e68   0x00000044   Code   RO          526    i.Virtual_Com_Port_GetStringDescriptor  usb_prop.o
    0x00003eac   0x0000002c   Code   RO          527    i.Virtual_Com_Port_Get_Interface_Setting  usb_prop.o
    0x00003ed8   0x00000048   Code   RO          523    i.Virtual_Com_Port_NoData_Setup  usb_prop.o
    0x00003f20   0x00000150   Code   RO          515    i.Virtual_Com_Port_Reset  usb_prop.o
    0x00004070   0x00000028   Code   RO          516    i.Virtual_Com_Port_SetConfiguration  usb_prop.o
    0x00004098   0x00000014   Code   RO          517    i.Virtual_Com_Port_SetDeviceAddress  usb_prop.o
    0x000040ac   0x00000038   Code   RO          520    i.Virtual_Com_Port_SetLineCoding  usb_prop.o
    0x000040e4   0x0000002c   Code   RO          518    i.Virtual_Com_Port_Status_In  usb_prop.o
    0x00004110   0x00000004   Code   RO          519    i.Virtual_Com_Port_Status_Out  usb_prop.o
    0x00004114   0x00000060   Code   RO          514    i.Virtual_Com_Port_init  usb_prop.o
    0x00004174   0x00000010   Code   RO            6    i.WDG_IRQHandler    91x_it.o
    0x00004184   0x00000004   Code   RO           31    i.WIU_IRQHandler    91x_it.o
    0x00004188   0x00000018   Code   RO         2304    i.__scatterload_copy  handlers.o(mc_5.l)
    0x000041a0   0x00000004   Code   RO         2306    i.__scatterload_null  handlers.o(mc_5.l)
    0x000041a4   0x00000018   Code   RO         2305    i.__scatterload_zeroinit  handlers.o(mc_5.l)
    0x000041bc   0x0000000c   Code   RO          686    i.getDataFromHostToDev  usb_user.o
    0x000041c8   0x00000014   Code   RO          687    i.getReceivedDataLen  usb_user.o
    0x000041dc   0x00000018   Code   RO          424    i.main              main.o
    0x000041f4   0x00000020   Code   RO          688    i.receivedDataHandler  usb_user.o
    0x00004214   0x00000034   Code   RO          685    i.sentDataFromDevToHost  usb_user.o
    0x00004248   0x000000c9   Data   RO          437    .constdata          usb_desc.o
    0x00004311   0x00000003   PAD
    0x00004314   0x00000020   Data   RO         2303    Region$$Table       anon$$obj.o


    Execution Region ER_RW (Base: 0x04000000, Size: 0x00000134, Max: 0xffffffff, ABSOLUTE, COMPRESSED[0x00000064])

    Base Addr    Size         Type   Attr      Idx    E Section Name        Object

    0x04000000   0x00000008   Data   RW          467    .data               usb_endp.o
    0x04000008   0x0000007c   Data   RW          495    .data               usb_istr.o
    0x04000084   0x00000089   Data   RW          528    .data               usb_prop.o
    0x0400010d   0x00000003   PAD
    0x04000110   0x00000007   Data   RW          642    .data               usb_pwr.o
    0x04000117   0x00000003   Data   RW         1543    .data               usb_core.o
    0x0400011a   0x00000002   PAD
    0x0400011c   0x00000014   Data   RW         1664    .data               usb_init.o
    0x04000130   0x00000004   Data   RW         1690    .data               usb_int.o


    Execution Region ER_ZI (Base: 0x04000134, Size: 0x000005d4, Max: 0xffffffff, ABSOLUTE)

    Base Addr    Size         Type   Attr      Idx    E Section Name        Object

    0x04000134   0x00000014   Zero   RW          359    .bss                hw_config.o
    0x04000148   0x00000080   Zero   RW          468    .bss                usb_endp.o
    0x040001c8   0x00000017   Zero   RW         1665    .bss                usb_init.o
    0x040001df   0x00000001   PAD
    0x040001e0   0x00000528   Zero   RW          731    STACK               91x_init.o


================================================================================

Image component sizes


      Code (inc. data)   RO Data    RW Data    ZI Data      Debug   Object Name

       116          0          0          0          0        698   91x_fmi.o
        28          0          0          0          0        962   91x_gpio.o
       216         16          0          0       1320        303   91x_init.o
       436          4          0          0          0      42365   91x_it.o
       828         44          0          0          0       5261   91x_scu.o
       804         48          0          0          0       5163   91x_uart.o
       236         72          0          0          0        314   91x_vect.o
      1636        156          0          0          0       4753   91x_vic.o
      1096         60          0          0         20       5015   hw_config.o
        24          0          0          0          0        440   main.o
      5792        224          0          3          0      13607   usb_core.o
         0          0        201          0          0       4756   usb_desc.o
        92         12          0          8        128       1679   usb_endp.o
       100         24          0         20         23       4175   usb_init.o
      1432         72          0          4          0       2142   usb_int.o
       416         44          0        124          0       1431   usb_istr.o
       176          0          0          0          0       1921   usb_mem.o
      1076         96          0        137          0      12344   usb_prop.o
       604          8          0          7          0       3522   usb_pwr.o
      1136         56          0          0          0       9353   usb_regs.o
       116          8          0          0          0       2403   usb_user.o

    ------------------------------------------------------------------------
     16360        944        236        308       1492     122608   Object Totals
         0          0         32          0          0          0   (incl. Generated)
         0          0          3          5          1          1   (incl. Padding)

    ------------------------------------------------------------------------

      Code (inc. data)   RO Data    RW Data    ZI Data      Debug   Library Member Name

       112          0          0          0          0          0   __dczerorl2.o
        12          4          0          0          0          0   entry.o
        52          0          0          0          0          0   handlers.o
        40          0          0          0          0          0   idiv.o
        38         12          0          0          0          0   init.o
       122          0          0          0          0          0   ldiv.o
        34          0          0          0          0          0   llshl.o
        32          0          0          0          0          0   llushr.o
        38          0          0          0          0          0   uidiv.o
        88          0          0          0          0          0   uldiv.o
        18          0          0          0          0          0   uread4.o
        18          0          0          0          0          0   uwrite4.o

    ------------------------------------------------------------------------
       608         16          0          0          0          0   Library Totals
         4          0          0          0          0          0   (incl. Padding)

    ------------------------------------------------------------------------

      Code (inc. data)   RO Data    RW Data    ZI Data      Debug   Library Name

       604         16          0          0          0          0   mc_5.l

    ------------------------------------------------------------------------
       608         16          0          0          0          0   Library Totals

    ------------------------------------------------------------------------

================================================================================


      Code (inc. data)   RO Data    RW Data    ZI Data      Debug   

     16968        960        236        308       1492     122608   Grand Totals
     16968        960        236        100       1492     122608   ELF Image Totals (compressed)
     16968        960        236        100          0          0   ROM Totals

================================================================================

    Total RO  Size (Code + RO Data)                17204 (  16.80kB)
    Total RW  Size (RW Data + ZI Data)              1800 (   1.76kB)
    Total ROM Size (Code + RO Data + RW Data)      17304 (  16.90kB)

================================================================================

